Archive member included to satisfy reference by file (symbol)

contiki-native.a(contiki-main.o)
                              /usr/lib/gcc/x86_64-linux-gnu/5/../../../x86_64-linux-gnu/crt1.o (main)
contiki-native.a(button-sensor.o)
                              contiki-native.a(contiki-main.o) (button_sensor)
contiki-native.a(pir-sensor.o)
                              contiki-native.a(contiki-main.o) (pir_sensor)
contiki-native.a(vib-sensor.o)
                              contiki-native.a(contiki-main.o) (vib_sensor)
contiki-native.a(sensors.o)   contiki-native.a(button-sensor.o) (sensors_changed)
contiki-native.a(autostart.o)
                              contiki-native.a(contiki-main.o) (autostart_start)
contiki-native.a(ctimer.o)    contiki-native.a(contiki-main.o) (ctimer_init)
contiki-native.a(etimer.o)    contiki-native.a(contiki-main.o) (etimer_process)
contiki-native.a(process.o)   contiki-native.a(ctimer.o) (process_current)
contiki-native.a(rtimer.o)    contiki-native.a(contiki-main.o) (rtimer_init)
contiki-native.a(timer.o)     contiki-native.a(etimer.o) (timer_set)
contiki-native.a(serial-line.o)
                              contiki-native.a(contiki-main.o) (serial_line_input_byte)
contiki-native.a(list.o)      contiki-native.a(ctimer.o) (list_init)
contiki-native.a(ringbuf.o)   contiki-native.a(serial-line.o) (ringbuf_init)
contiki-native.a(uip-ds6.o)   contiki-native.a(contiki-main.o) (uip_ds6_get_link_local)
contiki-native.a(uip-ds6-route.o)
                              contiki-native.a(uip-ds6.o) (uip_ds6_route_init)
contiki-native.a(uip6.o)      contiki-native.a(contiki-main.o) (uip_lladdr)
contiki-native.a(uip-ds6-nbr.o)
                              contiki-native.a(uip-ds6.o) (uip_ds6_neighbors_init)
contiki-native.a(uip-nd6.o)   contiki-native.a(uip6.o) (uip_nd6_init)
contiki-native.a(sicslowpan.o)
                              contiki-native.a(contiki-main.o) (sicslowpan_driver)
contiki-native.a(uip-packetqueue)
                              contiki-native.a(uip-ds6-nbr.o) (uip_packetqueue_new)
contiki-native.a(tcpip.o)     contiki-native.a(sicslowpan.o) (tcpip_set_outputfunc)
contiki-native.a(uip-debug.o)
                              contiki-native.a(uip-ds6-route.o) (uip_debug_ipaddr_print)
contiki-native.a(rpl-ext-header.)
                              contiki-native.a(uip6.o) (rpl_verify_hbh_header)
contiki-native.a(rpl.o)       contiki-native.a(uip-ds6-nbr.o) (rpl_link_neighbor_callback)
contiki-native.a(rpl-icmp6.o)
                              contiki-native.a(rpl.o) (dao_output)
contiki-native.a(rpl-dag.o)   contiki-native.a(rpl-ext-header.) (rpl_parents)
contiki-native.a(queuebuf.o)  contiki-native.a(contiki-main.o) (queuebuf_init)
contiki-native.a(nbr-table.o)
                              contiki-native.a(uip-ds6-route.o) (nbr_table_register)
contiki-native.a(packetbuf.o)
                              contiki-native.a(sicslowpan.o) (packetbuf_clear)
contiki-native.a(netstack.o)  contiki-native.a(contiki-main.o) (netstack_init)
contiki-native.a(linkaddr.o)  contiki-native.a(uip-ds6-nbr.o) (linkaddr_null)
contiki-native.a(link-stats.o)
                              contiki-native.a(rpl-dag.o) (link_stats_from_lladdr)
contiki-native.a(nullmac.o)   contiki-native.a(contiki-main.o) (nullmac_driver)
contiki-native.a(framer-802154.o)
                              contiki-native.a(sicslowpan.o) (framer_802154)
contiki-native.a(nullrdc.o)   contiki-native.a(contiki-main.o) (nullrdc_driver)
contiki-native.a(nullsec.o)   contiki-native.a(sicslowpan.o) (nullsec_driver)
contiki-native.a(clock.o)     contiki-native.a(etimer.o) (clock_time)
contiki-native.a(rtimer-arch.o)
                              contiki-native.a(rtimer.o) (rtimer_arch_init)
contiki-native.a(watchdog.o)  contiki-native.a(sicslowpan.o) (watchdog_periodic)
contiki-native.a(stimer.o)    contiki-native.a(uip-ds6.o) (stimer_set)
contiki-native.a(nullradio.o)
                              contiki-native.a(netstack.o) (nullradio_driver)
contiki-native.a(memb.o)      contiki-native.a(uip-ds6-route.o) (memb_init)
contiki-native.a(random.o)    contiki-native.a(uip-ds6.o) (random_rand)
contiki-native.a(uip-icmp6.o)
                              contiki-native.a(uip6.o) (uip_icmp6_input)
contiki-native.a(rpl-nbr-policy.)
                              contiki-native.a(nbr-table.o) (rpl_nbr_policy_find_removable)
contiki-native.a(rpl-timers.o)
                              contiki-native.a(rpl.o) (rpl_reset_periodic_timer)
contiki-native.a(rpl-mrhof.o)
                              contiki-native.a(rpl-dag.o) (rpl_mrhof)
contiki-native.a(frame802154.o)
                              contiki-native.a(framer-802154.o) (frame802154_get_pan_id)
contiki-native.a(mac.o)       contiki-native.a(nullrdc.o) (mac_call_sent_callback)
/usr/lib/x86_64-linux-gnu/libc_nonshared.a(elf-init.oS)
                              /usr/lib/gcc/x86_64-linux-gnu/5/../../../x86_64-linux-gnu/crt1.o (__libc_csu_init)

Allocating common symbols
[...]
Memory Configuration

Name             Origin             Length             Attributes
*default*        0x0000000000000000 0xffffffffffffffff

Linker script and memory map

LOAD /usr/lib/gcc/x86_64-linux-gnu/5/../../../x86_64-linux-gnu/crt1.o
LOAD /usr/lib/gcc/x86_64-linux-gnu/5/../../../x86_64-linux-gnu/crti.o
LOAD /usr/lib/gcc/x86_64-linux-gnu/5/crtbegin.o
LOAD hello-world.co
LOAD contiki-native.a
LOAD /usr/lib/gcc/x86_64-linux-gnu/5/../../../x86_64-linux-gnu/libncurses.so
LOAD /lib/x86_64-linux-gnu/libncurses.so.5
LOAD /usr/lib/gcc/x86_64-linux-gnu/5/../../../x86_64-linux-gnu/libtinfo.so
LOAD /usr/lib/gcc/x86_64-linux-gnu/5/libgcc.a
LOAD /usr/lib/gcc/x86_64-linux-gnu/5/libgcc_s.so
LOAD /usr/lib/gcc/x86_64-linux-gnu/5/../../../x86_64-linux-gnu/libc.so
START GROUP
LOAD /lib/x86_64-linux-gnu/libc.so.6
LOAD /usr/lib/x86_64-linux-gnu/libc_nonshared.a
LOAD /lib/x86_64-linux-gnu/ld-linux-x86-64.so.2
END GROUP
LOAD /usr/lib/gcc/x86_64-linux-gnu/5/libgcc.a
LOAD /usr/lib/gcc/x86_64-linux-gnu/5/libgcc_s.so
LOAD /usr/lib/gcc/x86_64-linux-gnu/5/crtend.o
LOAD /usr/lib/gcc/x86_64-linux-gnu/5/../../../x86_64-linux-gnu/crtn.o
                [!provide]                        PROVIDE (__executable_start, 0x400000)
                0x0000000000400238                . = (0x400000 + SIZEOF_HEADERS)

.interp         0x0000000000400238       0x1c
 *(.interp)
 .interp        0x0000000000400238       0x1c /usr/lib/gcc/x86_64-linux-gnu/5/../../../x86_64-linux-gnu/crt1.o

.note.ABI-tag   0x0000000000400254       0x20
 .note.ABI-tag  0x0000000000400254       0x20 /usr/lib/gcc/x86_64-linux-gnu/5/../../../x86_64-linux-gnu/crt1.o

.note.gnu.build-id
                0x0000000000400274       0x24
 *(.note.gnu.build-id)
 .note.gnu.build-id
                0x0000000000400274       0x24 /usr/lib/gcc/x86_64-linux-gnu/5/../../../x86_64-linux-gnu/crt1.o

.hash
 *(.hash)

.gnu.hash       0x0000000000400298      0xc94
 *(.gnu.hash)
 .gnu.hash      0x0000000000400298      0xc94 /usr/lib/gcc/x86_64-linux-gnu/5/../../../x86_64-linux-gnu/crt1.o

.dynsym         0x0000000000400f30     0x2910
 *(.dynsym)
 .dynsym        0x0000000000400f30     0x2910 /usr/lib/gcc/x86_64-linux-gnu/5/../../../x86_64-linux-gnu/crt1.o

.dynstr         0x0000000000403840     0x1bdf
 *(.dynstr)
 .dynstr        0x0000000000403840     0x1bdf /usr/lib/gcc/x86_64-linux-gnu/5/../../../x86_64-linux-gnu/crt1.o

.gnu.version    0x0000000000405420      0x36c
 *(.gnu.version)
 .gnu.version   0x0000000000405420      0x36c /usr/lib/gcc/x86_64-linux-gnu/5/../../../x86_64-linux-gnu/crt1.o

.gnu.version_d  0x0000000000405790        0x0
 *(.gnu.version_d)
 .gnu.version_d
                0x0000000000405790        0x0 /usr/lib/gcc/x86_64-linux-gnu/5/../../../x86_64-linux-gnu/crt1.o

.gnu.version_r  0x0000000000405790       0x40
 *(.gnu.version_r)
 .gnu.version_r
                0x0000000000405790       0x40 /usr/lib/gcc/x86_64-linux-gnu/5/../../../x86_64-linux-gnu/crt1.o

.rela.dyn       0x00000000004057d0       0x48
 *(.rela.init)
 *(.rela.text .rela.text.* .rela.gnu.linkonce.t.*)
 .rela.text     0x00000000004057d0        0x0 /usr/lib/gcc/x86_64-linux-gnu/5/../../../x86_64-linux-gnu/crt1.o
 *(.rela.fini)
 *(.rela.rodata .rela.rodata.* .rela.gnu.linkonce.r.*)
 .rela.rodata   0x00000000004057d0        0x0 /usr/lib/gcc/x86_64-linux-gnu/5/../../../x86_64-linux-gnu/crt1.o
 *(.rela.data .rela.data.* .rela.gnu.linkonce.d.*)
 .rela.data     0x00000000004057d0        0x0 /usr/lib/gcc/x86_64-linux-gnu/5/../../../x86_64-linux-gnu/crt1.o
 *(.rela.tdata .rela.tdata.* .rela.gnu.linkonce.td.*)
 *(.rela.tbss .rela.tbss.* .rela.gnu.linkonce.tb.*)
 *(.rela.ctors)
 *(.rela.dtors)
 *(.rela.got)
 .rela.got      0x00000000004057d0       0x18 /usr/lib/gcc/x86_64-linux-gnu/5/../../../x86_64-linux-gnu/crt1.o
 *(.rela.bss .rela.bss.* .rela.gnu.linkonce.b.*)
 .rela.bss      0x00000000004057e8       0x30 /usr/lib/gcc/x86_64-linux-gnu/5/../../../x86_64-linux-gnu/crt1.o
 *(.rela.ldata .rela.ldata.* .rela.gnu.linkonce.l.*)
 *(.rela.lbss .rela.lbss.* .rela.gnu.linkonce.lb.*)
 *(.rela.lrodata .rela.lrodata.* .rela.gnu.linkonce.lr.*)
 *(.rela.ifunc)

.rela.plt       0x0000000000405818      0x228
 *(.rela.plt)
 .rela.plt      0x0000000000405818      0x228 /usr/lib/gcc/x86_64-linux-gnu/5/../../../x86_64-linux-gnu/crt1.o
                [!provide]                        PROVIDE (__rela_iplt_start, .)
 *(.rela.iplt)
 .rela.iplt     0x0000000000405a40        0x0 /usr/lib/gcc/x86_64-linux-gnu/5/../../../x86_64-linux-gnu/crt1.o
                [!provide]                        PROVIDE (__rela_iplt_end, .)

.init           0x0000000000405a40       0x1a
 *(SORT(.init))
 .init          0x0000000000405a40       0x15 /usr/lib/gcc/x86_64-linux-gnu/5/../../../x86_64-linux-gnu/crti.o
                0x0000000000405a40                _init
 .init          0x0000000000405a55        0x5 /usr/lib/gcc/x86_64-linux-gnu/5/../../../x86_64-linux-gnu/crtn.o

.plt            0x0000000000405a60      0x180
 *(.plt)
 .plt           0x0000000000405a60      0x180 /usr/lib/gcc/x86_64-linux-gnu/5/../../../x86_64-linux-gnu/crt1.o
                0x0000000000405a70                putchar@@GLIBC_2.2.5
                0x0000000000405a80                __errno_location@@GLIBC_2.2.5
                0x0000000000405a90                strncmp@@GLIBC_2.2.5
                0x0000000000405aa0                puts@@GLIBC_2.2.5
                0x0000000000405ab0                strlen@@GLIBC_2.2.5
                0x0000000000405ac0                __stack_chk_fail@@GLIBC_2.4
                0x0000000000405ad0                printf@@GLIBC_2.2.5
                0x0000000000405ae0                gettimeofday@@GLIBC_2.2.5
                0x0000000000405af0                memset@@GLIBC_2.2.5
                0x0000000000405b00                read@@GLIBC_2.2.5
                0x0000000000405b10                __libc_start_main@@GLIBC_2.2.5
                0x0000000000405b20                srand@@GLIBC_2.2.5
                0x0000000000405b30                memcmp@@GLIBC_2.2.5
                0x0000000000405b40                signal@@GLIBC_2.2.5
                0x0000000000405b50                fprintf@@GLIBC_2.2.5
                0x0000000000405b60                memcpy@@GLIBC_2.14
                0x0000000000405b70                select@@GLIBC_2.2.5
                0x0000000000405b80                setitimer@@GLIBC_2.2.5
                0x0000000000405b90                setvbuf@@GLIBC_2.2.5
                0x0000000000405ba0                memmove@@GLIBC_2.2.5
                0x0000000000405bb0                perror@@GLIBC_2.2.5
                0x0000000000405bc0                exit@@GLIBC_2.2.5
                0x0000000000405bd0                rand@@GLIBC_2.2.5
 *(.iplt)
 .iplt          0x0000000000405be0        0x0 /usr/lib/gcc/x86_64-linux-gnu/5/../../../x86_64-linux-gnu/crt1.o

.plt.got        0x0000000000405be0        0x8
 *(.plt.got)
 .plt.got       0x0000000000405be0        0x8 /usr/lib/gcc/x86_64-linux-gnu/5/../../../x86_64-linux-gnu/crt1.o

.plt.bnd
 *(.plt.bnd)

.text           0x0000000000405bf0    0x14882
 *(.text.unlikely .text.*_unlikely .text.unlikely.*)
 .text.unlikely
                0x0000000000405bf0        0x0 /usr/lib/gcc/x86_64-linux-gnu/5/crtbegin.o
 .text.unlikely
                0x0000000000405bf0        0x0 /usr/lib/x86_64-linux-gnu/libc_nonshared.a(elf-init.oS)
 *(.text.exit .text.exit.*)
 *(.text.startup .text.startup.*)
 *(.text.hot .text.hot.*)
 *(.text .stub .text.* .gnu.linkonce.t.*)
 .text          0x0000000000405bf0       0x2a /usr/lib/gcc/x86_64-linux-gnu/5/../../../x86_64-linux-gnu/crt1.o
                0x0000000000405bf0                _start
 .text          0x0000000000405c1a        0x0 /usr/lib/gcc/x86_64-linux-gnu/5/../../../x86_64-linux-gnu/crti.o
 *fill*         0x0000000000405c1a        0x6 
 .text          0x0000000000405c20       0xc6 /usr/lib/gcc/x86_64-linux-gnu/5/crtbegin.o
 .text          0x0000000000405ce6       0x45 hello-world.co
 .text          0x0000000000405d2b      0x5e3 contiki-native.a(contiki-main.o)
                0x0000000000405d2b                select_set_callback
                0x0000000000405f39                main
                0x00000000004062ae                log_message
                0x00000000004062e2                uip_log
 .text          0x000000000040630e       0x3e contiki-native.a(button-sensor.o)
                0x000000000040630e                button_press
 .text          0x000000000040634c       0x57 contiki-native.a(pir-sensor.o)
                0x000000000040634c                pir_sensor_changed
 .text          0x00000000004063a3       0x4e contiki-native.a(vib-sensor.o)
                0x00000000004063a3                vib_sensor_changed
 .text          0x00000000004063f1      0x2f4 contiki-native.a(sensors.o)
                0x0000000000406432                sensors_first
                0x000000000040643f                sensors_next
                0x0000000000406466                sensors_changed
                0x00000000004064a0                sensors_find
 .text          0x00000000004066e5       0xb3 contiki-native.a(autostart.o)
                0x00000000004066e5                autostart_start
                0x0000000000406741                autostart_exit
 .text          0x0000000000406798      0x3e9 contiki-native.a(ctimer.o)
                0x00000000004068ea                ctimer_init
                0x0000000000406916                ctimer_set
                0x0000000000406953                ctimer_set_with_process
                0x00000000004069fd                ctimer_reset
                0x0000000000406a5e                ctimer_restart
                0x0000000000406abf                ctimer_stop
                0x0000000000406b19                ctimer_expired
 .text          0x0000000000406b81      0x534 contiki-native.a(etimer.o)
                0x0000000000406e20                etimer_request_poll
                0x0000000000406ebf                etimer_set
                0x0000000000406ef1                etimer_reset_with_new_interval
                0x0000000000406f28                etimer_reset
                0x0000000000406f4f                etimer_restart
                0x0000000000406f76                etimer_adjust
                0x0000000000406fa3                etimer_expired
                0x0000000000406fbe                etimer_expiration_time
                0x0000000000406fda                etimer_start_time
                0x0000000000406feb                etimer_pending
                0x0000000000407001                etimer_next_expiration_time
                0x000000000040701e                etimer_stop
 .text          0x00000000004070b5      0x5e7 contiki-native.a(process.o)
                0x00000000004070b5                process_alloc_event
                0x00000000004070cb                process_start
                0x0000000000407309                process_exit
                0x000000000040732e                process_init
                0x0000000000407500                process_run
                0x0000000000407531                process_nevents
                0x000000000040754d                process_post
                0x0000000000407605                process_post_synch
                0x0000000000407649                process_poll
                0x0000000000407682                process_is_running
 .text          0x000000000040769c       0xf9 contiki-native.a(rtimer.o)
                0x000000000040769c                rtimer_init
                0x00000000004076a8                rtimer_set
                0x0000000000407726                rtimer_run_next
 .text          0x0000000000407795       0xdf contiki-native.a(timer.o)
                0x0000000000407795                timer_set
                0x00000000004077c3                timer_reset
                0x00000000004077e7                timer_restart
                0x0000000000407805                timer_expired
                0x0000000000407842                timer_remaining
 .text          0x0000000000407874      0x1df contiki-native.a(serial-line.o)
                0x0000000000407874                serial_line_input_byte
                0x0000000000407a29                serial_line_init
 .text          0x0000000000407a53      0x311 contiki-native.a(list.o)
                0x0000000000407a53                list_init
                0x0000000000407a69                list_head
                0x0000000000407a7a                list_copy
                0x0000000000407a97                list_tail
                0x0000000000407adc                list_add
                0x0000000000407b3c                list_push
                0x0000000000407b7b                list_chop
                0x0000000000407c04                list_pop
                0x0000000000407c3a                list_remove
                0x0000000000407cc2                list_length
                0x0000000000407cf9                list_insert
                0x0000000000407d45                list_item_next
 .text          0x0000000000407d64      0x189 contiki-native.a(ringbuf.o)
                0x0000000000407d64                ringbuf_init
                0x0000000000407da1                ringbuf_put
                0x0000000000407e2c                ringbuf_get
                0x0000000000407ea6                ringbuf_size
                0x0000000000407ebe                ringbuf_elements
 .text          0x0000000000407eed      0xc1b contiki-native.a(uip-ds6.o)
                0x0000000000407eed                uip_ds6_init
                0x000000000040808a                uip_ds6_periodic
                0x0000000000408113                uip_ds6_list_loop
                0x00000000004081d6                uip_ds6_prefix_add
                0x000000000040829c                uip_ds6_prefix_rm
                0x00000000004082b6                uip_ds6_prefix_lookup
                0x0000000000408303                uip_ds6_is_addr_onlink
                0x000000000040838a                uip_ds6_addr_add
                0x00000000004084c2                uip_ds6_addr_rm
                0x0000000000408574                uip_ds6_addr_lookup
                0x00000000004085bb                uip_ds6_get_link_local
                0x000000000040864c                uip_ds6_get_global
                0x00000000004086dd                uip_ds6_maddr_add
                0x0000000000408748                uip_ds6_maddr_rm
                0x0000000000408762                uip_ds6_maddr_lookup
                0x00000000004087a9                uip_ds6_aaddr_add
                0x0000000000408814                uip_ds6_aaddr_rm
                0x000000000040882e                uip_ds6_aaddr_lookup
                0x0000000000408875                uip_ds6_select_src
                0x00000000004089eb                uip_ds6_set_addr_iid
                0x0000000000408a20                get_match_length
                0x0000000000408aca                uip_ds6_compute_reachable_time
 .text          0x0000000000408b08      0xa40 contiki-native.a(uip-ds6-route.o)
                0x0000000000408b8b                uip_ds6_notification_add
                0x0000000000408bce                uip_ds6_notification_rm
                0x0000000000408bf3                uip_ds6_route_init
                0x0000000000408c85                uip_ds6_route_nexthop
                0x0000000000408cb5                uip_ds6_route_head
                0x0000000000408cca                uip_ds6_route_next
                0x0000000000408cfa                uip_ds6_route_is_nexthop
                0x0000000000408d45                uip_ds6_route_num_routes
                0x0000000000408d51                uip_ds6_route_lookup
                0x0000000000408e2b                uip_ds6_route_add
                0x0000000000409079                uip_ds6_route_rm
                0x000000000040924d                uip_ds6_route_rm_by_nexthop
                0x0000000000409292                uip_ds6_defrt_head
                0x00000000004092a7                uip_ds6_defrt_add
                0x0000000000409362                uip_ds6_defrt_rm
                0x00000000004093ec                uip_ds6_defrt_lookup
                0x0000000000409451                uip_ds6_defrt_choose
                0x00000000004094d0                uip_ds6_defrt_periodic
 .text          0x0000000000409548     0x2915 contiki-native.a(uip6.o)
                0x0000000000409548                uip_add32
                0x0000000000409701                uip_chksum
                0x00000000004097e6                uip_icmp6chksum
                0x00000000004097f6                uip_tcpchksum
                0x0000000000409806                uip_udpchksum
                0x0000000000409816                uip_init
                0x00000000004098c0                uip_connect
                0x0000000000409a72                remove_ext_hdr
                0x0000000000409b42                uip_udp_new
                0x0000000000409c93                uip_unlisten
                0x0000000000409cd6                uip_listen
                0x0000000000409f92                uip_process
                0x000000000040bd3c                uip_htons
                0x000000000040bd5b                uip_htonl
                0x000000000040bd9d                uip_send
 .text          0x000000000040be5d      0x2e7 contiki-native.a(uip-ds6-nbr.o)
                0x000000000040be5d                uip_ds6_neighbors_init
                0x000000000040be7d                uip_ds6_nbr_add
                0x000000000040bf0c                uip_ds6_nbr_rm
                0x000000000040bf5a                uip_ds6_nbr_get_ipaddr
                0x000000000040bf76                uip_ds6_nbr_get_ll
                0x000000000040bf9a                uip_ds6_nbr_num
                0x000000000040bfe8                uip_ds6_nbr_lookup
                0x000000000040c05a                uip_ds6_nbr_ll_lookup
                0x000000000040c07e                uip_ds6_nbr_ipaddr_from_lladdr
                0x000000000040c0ae                uip_ds6_nbr_lladdr_from_ipaddr
                0x000000000040c0e6                uip_ds6_link_neighbor_callback
 .text          0x000000000040c144      0x6d0 contiki-native.a(uip-nd6.o)
                0x000000000040c803                uip_nd6_init
 .text          0x000000000040c814     0x296c contiki-native.a(sicslowpan.o)
                0x000000000040cf5b                rime_sniffer_add
                0x000000000040cf71                rime_sniffer_remove
                0x000000000040f114                sicslowpan_init
                0x000000000040f174                sicslowpan_get_last_rssi
 .text          0x000000000040f180      0x18f contiki-native.a(uip-packetqueue)
                0x000000000040f1b6                uip_packetqueue_new
                0x000000000040f1cc                uip_packetqueue_alloc
                0x000000000040f23e                uip_packetqueue_free
                0x000000000040f28d                uip_packetqueue_buf
                0x000000000040f2b5                uip_packetqueue_buflen
                0x000000000040f2e0                uip_packetqueue_set_buflen
 .text          0x000000000040f30f      0xad4 contiki-native.a(tcpip.o)
                0x000000000040f30f                tcpip_output
                0x000000000040f349                tcpip_set_outputfunc
                0x000000000040f3dd                tcp_connect
                0x000000000040f444                tcp_unlisten
                0x000000000040f4a9                tcp_listen
                0x000000000040f50a                tcp_attach
                0x000000000040f53f                udp_attach
                0x000000000040f574                udp_new
                0x000000000040f5da                udp_broadcast_new
                0x000000000040f672                icmp6_new
                0x000000000040f6ad                tcpip_icmp6_call
                0x000000000040f90b                tcpip_input
                0x000000000040f936                tcpip_ipv6_output
                0x000000000040fbe8                tcpip_poll_udp
                0x000000000040fc0d                tcpip_poll_tcp
                0x000000000040fc32                tcpip_uipcall
 .text          0x000000000040fde3      0x16c contiki-native.a(uip-debug.o)
                0x000000000040fde3                uip_debug_ipaddr_print
 .text          0x000000000040ff4f      0xa81 contiki-native.a(rpl-ext-header.)
                0x000000000040ff4f                rpl_verify_hbh_header
                0x0000000000410773                rpl_remove_header
                0x00000000004108f2                rpl_update_header
 .text          0x00000000004109d0      0x68f contiki-native.a(rpl.o)
                0x00000000004109d0                rpl_get_mode
                0x00000000004109dc                rpl_set_mode
                0x0000000000410a82                rpl_purge_routes
                0x0000000000410b9e                rpl_remove_routes
                0x0000000000410bf4                rpl_remove_routes_by_nexthop
                0x0000000000410c69                rpl_add_route
                0x0000000000410d18                rpl_link_neighbor_callback
                0x0000000000410dfe                rpl_ipv6_neighbor_callback
                0x0000000000410e82                rpl_purge_dags
                0x0000000000410fdb                rpl_init
 .text          0x000000000041105f     0x1ea9 contiki-native.a(rpl-icmp6.o)
                0x0000000000411340                rpl_icmp6_update_nbr_table
                0x0000000000411442                dis_output
                0x0000000000411b8c                dio_output
                0x0000000000412a4a                dao_output
                0x0000000000412b20                dao_output_target
                0x0000000000412ec2                dao_ack_output
                0x0000000000412ed9                rpl_icmp6_register_handlers
 .text          0x0000000000412f08     0x2d64 contiki-native.a(rpl-dag.o)
                0x0000000000412f08                rpl_print_neighbor_list
                0x0000000000413128                rpl_get_nbr
                0x0000000000413185                rpl_dag_init
                0x00000000004131a0                rpl_get_parent
                0x00000000004131cc                rpl_get_parent_rank
                0x000000000041320a                rpl_get_parent_link_metric
                0x000000000041327b                rpl_rank_via_parent
                0x00000000004132ec                rpl_get_parent_lladdr
                0x0000000000413310                rpl_get_parent_ipaddr
                0x000000000041333a                rpl_get_parent_link_stats
                0x0000000000413364                rpl_parent_is_fresh
                0x000000000041338e                rpl_parent_is_reachable
                0x000000000041375b                rpl_set_root
                0x0000000000413a02                rpl_repair_root
                0x0000000000413c6b                rpl_set_prefix
                0x0000000000413d72                rpl_set_default_route
                0x0000000000413df8                rpl_alloc_instance
                0x0000000000413e95                rpl_alloc_dag
                0x0000000000413f5e                rpl_set_default_instance
                0x0000000000413f74                rpl_get_default_instance
                0x0000000000413f81                rpl_free_instance
                0x000000000041404f                rpl_free_dag
                0x00000000004140de                rpl_add_parent
                0x00000000004141af                rpl_find_parent
                0x0000000000414227                rpl_find_parent_any_dag
                0x0000000000414278                rpl_select_dag
                0x000000000041471b                rpl_select_parent
                0x000000000041480a                rpl_remove_parent
                0x000000000041483b                rpl_nullify_parent
                0x000000000041491c                rpl_move_parent
                0x0000000000414a01                rpl_has_downward_route
                0x0000000000414a58                rpl_get_dag
                0x0000000000414ba0                rpl_get_any_dag
                0x0000000000414c0b                rpl_get_instance
                0x0000000000414c75                rpl_find_of
                0x0000000000414caf                rpl_join_instance
                0x0000000000414fc8                rpl_add_dag
                0x0000000000415409                rpl_local_repair
                0x0000000000415529                rpl_recalculate_ranks
                0x00000000004155c6                rpl_process_parent_event
                0x0000000000415719                rpl_process_dio
 .text          0x0000000000415c6c      0x312 contiki-native.a(queuebuf.o)
                0x0000000000415c7d                queuebuf_init
                0x0000000000415c98                queuebuf_numfree
                0x0000000000415ca8                queuebuf_new_from_packetbuf
                0x0000000000415d47                queuebuf_update_attr_from_packetbuf
                0x0000000000415d86                queuebuf_update_from_packetbuf
                0x0000000000415dde                queuebuf_free
                0x0000000000415e27                queuebuf_to_packetbuf
                0x0000000000415e97                queuebuf_dataptr
                0x0000000000415ed5                queuebuf_datalen
                0x0000000000415f01                queuebuf_addr
                0x0000000000415f40                queuebuf_attr
                0x0000000000415f77                queuebuf_debug_print
 .text          0x0000000000415f7e      0x92d contiki-native.a(nbr-table.o)
                0x00000000004164b7                nbr_table_register
                0x0000000000416513                nbr_table_head
                0x0000000000416578                nbr_table_next
                0x00000000004165ec                nbr_table_add_lladdr
                0x00000000004166d9                nbr_table_get_from_lladdr
                0x000000000041672f                nbr_table_remove
                0x000000000041677b                nbr_table_lock
                0x00000000004167a7                nbr_table_unlock
                0x00000000004167d3                nbr_table_get_lladdr
                0x0000000000416812                nbr_table_update_lladdr
 .text          0x00000000004168ab      0x49c contiki-native.a(packetbuf.o)
                0x00000000004168ab                packetbuf_clear
                0x00000000004168d5                packetbuf_copyfrom
                0x000000000041692b                packetbuf_compact
                0x00000000004169b6                packetbuf_copyto
                0x0000000000416a59                packetbuf_hdralloc
                0x0000000000416ae3                packetbuf_hdrreduce
                0x0000000000416b2f                packetbuf_set_datalen
                0x0000000000416b47                packetbuf_dataptr
                0x0000000000416b69                packetbuf_hdrptr
                0x0000000000416b76                packetbuf_datalen
                0x0000000000416b83                packetbuf_hdrlen
                0x0000000000416b9b                packetbuf_totlen
                0x0000000000416bb2                packetbuf_remaininglen
                0x0000000000416bc6                packetbuf_attr_clear
                0x0000000000416c14                packetbuf_attr_copyto
                0x0000000000416c56                packetbuf_attr_copyfrom
                0x0000000000416c98                packetbuf_set_attr
                0x0000000000416cc0                packetbuf_attr
                0x0000000000416cd9                packetbuf_set_addr
                0x0000000000416d14                packetbuf_addr
                0x0000000000416d32                packetbuf_holds_broadcast
 .text          0x0000000000416d47       0x34 contiki-native.a(netstack.o)
                0x0000000000416d47                netstack_init
 .text          0x0000000000416d7b       0x6f contiki-native.a(linkaddr.o)
                0x0000000000416d7b                linkaddr_copy
                0x0000000000416d98                linkaddr_cmp
                0x0000000000416dca                linkaddr_set_node_addr
 .text          0x0000000000416dea      0x363 contiki-native.a(link-stats.o)
                0x0000000000416dea                link_stats_from_lladdr
                0x0000000000416e0e                link_stats_is_fresh
                0x0000000000416e59                guess_etx_from_rssi
                0x0000000000416eda                link_stats_packet_sent
                0x0000000000417000                link_stats_input_callback
                0x0000000000417119                link_stats_init
 .text          0x000000000041714d       0x76 contiki-native.a(nullmac.o)
 .text          0x00000000004171c3      0x352 contiki-native.a(framer-802154.o)
 .text          0x0000000000417515      0x1e6 contiki-native.a(nullrdc.o)
 .text          0x00000000004176fb       0x50 contiki-native.a(nullsec.o)
 .text          0x000000000041774b       0xbd contiki-native.a(clock.o)
                0x000000000041774b                clock_time
                0x00000000004177bc                clock_seconds
                0x00000000004177fe                clock_delay
 .text          0x0000000000417808       0xf4 contiki-native.a(rtimer-arch.o)
                0x000000000041782a                rtimer_arch_init
                0x0000000000417840                rtimer_arch_schedule
 .text          0x00000000004178fc       0x2a contiki-native.a(watchdog.o)
                0x00000000004178fc                watchdog_init
                0x0000000000417903                watchdog_start
                0x000000000041790a                watchdog_periodic
                0x0000000000417911                watchdog_stop
                0x0000000000417918                watchdog_reboot
 .text          0x0000000000417926      0x106 contiki-native.a(stimer.o)
                0x0000000000417926                stimer_set
                0x0000000000417954                stimer_reset
                0x0000000000417978                stimer_restart
                0x0000000000417996                stimer_expired
                0x00000000004179d7                stimer_remaining
                0x0000000000417a09                stimer_elapsed
 .text          0x0000000000417a2c       0xfd contiki-native.a(nullradio.o)
 .text          0x0000000000417b29      0x20e contiki-native.a(memb.o)
                0x0000000000417b29                memb_init
                0x0000000000417b88                memb_alloc
                0x0000000000417c00                memb_free
                0x0000000000417c98                memb_inmemb
                0x0000000000417ceb                memb_numfree
 .text          0x0000000000417d37       0x27 contiki-native.a(random.o)
                0x0000000000417d37                random_init
                0x0000000000417d53                random_rand
 .text          0x0000000000417d5e      0x966 contiki-native.a(uip-icmp6.o)
                0x0000000000417dd7                uip_icmp6_input
                0x0000000000417e31                uip_icmp6_register_input_handler
                0x0000000000418033                uip_icmp6_error_output
                0x000000000041837d                uip_icmp6_send
                0x0000000000418641                uip_icmp6_echo_reply_callback_add
                0x0000000000418684                uip_icmp6_echo_reply_callback_rm
                0x00000000004186a9                uip_icmp6_init
 .text          0x00000000004186c4      0x381 contiki-native.a(rpl-nbr-policy.)
                0x00000000004188c0                find_removable_dis
                0x00000000004188ec                find_removable_dio
                0x0000000000418981                find_removable_dao
                0x00000000004189e2                rpl_nbr_policy_find_removable
 .text          0x0000000000418a45      0x993 contiki-native.a(rpl-timers.o)
                0x0000000000418cfa                rpl_reset_periodic_timer
                0x0000000000418d55                rpl_reset_dio_timer
                0x0000000000418fc0                rpl_schedule_dao
                0x0000000000418fe0                rpl_schedule_dao_immediately
                0x0000000000419000                rpl_cancel_dao
                0x000000000041907b                rpl_schedule_unicast_dio_immediately
                0x00000000004190ab                get_probing_delay
                0x000000000041913a                get_probing_target
                0x000000000041939a                rpl_schedule_probing
 .text          0x00000000004193d8      0x378 contiki-native.a(rpl-mrhof.o)
 .text          0x0000000000419750      0xc59 contiki-native.a(frame802154.o)
                0x000000000041977e                frame802154_get_pan_id
                0x000000000041978b                frame802154_set_pan_id
                0x00000000004197a3                frame802154_has_panid
                0x000000000041997e                frame802154_check_dest_panid
                0x0000000000419a19                frame802154_is_broadcast_addr
                0x0000000000419a6c                frame802154_extract_linkaddr
                0x0000000000419cf8                frame802154_hdrlen
                0x0000000000419d73                frame802154_create_fcf
                0x0000000000419e41                frame802154_create
                0x0000000000419fd9                frame802154_parse_fcf
                0x000000000041a0cc                frame802154_parse
 .text          0x000000000041a3a9       0x48 contiki-native.a(mac.o)
                0x000000000041a3a9                mac_call_sent_callback
 *fill*         0x000000000041a3f1        0xf 
 .text          0x000000000041a400       0x72 /usr/lib/x86_64-linux-gnu/libc_nonshared.a(elf-init.oS)
                0x000000000041a400                __libc_csu_init
                0x000000000041a470                __libc_csu_fini
 .text          0x000000000041a472        0x0 /usr/lib/gcc/x86_64-linux-gnu/5/crtend.o
 .text          0x000000000041a472        0x0 /usr/lib/gcc/x86_64-linux-gnu/5/../../../x86_64-linux-gnu/crtn.o
 *(.gnu.warning)

.fini           0x000000000041a474        0x9
 *(SORT(.fini))
 .fini          0x000000000041a474        0x4 /usr/lib/gcc/x86_64-linux-gnu/5/../../../x86_64-linux-gnu/crti.o
                0x000000000041a474                _fini
 .fini          0x000000000041a478        0x5 /usr/lib/gcc/x86_64-linux-gnu/5/../../../x86_64-linux-gnu/crtn.o
                [!provide]                        PROVIDE (__etext, .)
                [!provide]                        PROVIDE (_etext, .)
                [!provide]                        PROVIDE (etext, .)

.rodata         0x000000000041a480      0x730
 *(.rodata .rodata.* .gnu.linkonce.r.*)
 .rodata.cst4   0x000000000041a480        0x4 /usr/lib/gcc/x86_64-linux-gnu/5/../../../x86_64-linux-gnu/crt1.o
                0x000000000041a480                _IO_stdin_used
 *fill*         0x000000000041a484        0xc 
 .rodata        0x000000000041a490       0x3d hello-world.co
                0x000000000041a4b0                autostart_processes
 *fill*         0x000000000041a4cd        0x3 
 .rodata        0x000000000041a4d0       0xd0 contiki-native.a(contiki-main.o)
 .rodata        0x000000000041a5a0       0x40 contiki-native.a(button-sensor.o)
                0x000000000041a5c0                button_sensor
 .rodata        0x000000000041a5e0       0x40 contiki-native.a(pir-sensor.o)
                0x000000000041a600                pir_sensor
 .rodata        0x000000000041a620       0x40 contiki-native.a(vib-sensor.o)
                0x000000000041a640                vib_sensor
 .rodata        0x000000000041a660        0x8 contiki-native.a(sensors.o)
 .rodata        0x000000000041a668        0xf contiki-native.a(ctimer.o)
 .rodata        0x000000000041a677        0xc contiki-native.a(etimer.o)
 .rodata        0x000000000041a683        0xe contiki-native.a(serial-line.o)
 *fill*         0x000000000041a691        0x7 
 .rodata        0x000000000041a698      0x278 contiki-native.a(uip6.o)
 .rodata        0x000000000041a910       0x38 contiki-native.a(sicslowpan.o)
                0x000000000041a910                unc_llconf
                0x000000000041a914                unc_ctxconf
                0x000000000041a918                unc_mxconf
                0x000000000041a91c                llprefix
                0x000000000041a930                sicslowpan_driver
 .rodata        0x000000000041a948        0xd contiki-native.a(tcpip.o)
 .rodata        0x000000000041a955       0x28 contiki-native.a(uip-debug.o)
 *fill*         0x000000000041a97d        0x3 
 .rodata        0x000000000041a980       0x90 contiki-native.a(rpl-dag.o)
 .rodata        0x000000000041aa10        0x8 contiki-native.a(linkaddr.o)
                0x000000000041aa10                linkaddr_null
 *fill*         0x000000000041aa18        0x8 
 .rodata        0x000000000041aa20       0x58 contiki-native.a(nullmac.o)
                0x000000000041aa40                nullmac_driver
 *fill*         0x000000000041aa78        0x8 
 .rodata        0x000000000041aa80       0x18 contiki-native.a(framer-802154.o)
                0x000000000041aa80                framer_802154
 *fill*         0x000000000041aa98        0x8 
 .rodata        0x000000000041aaa0       0x60 contiki-native.a(nullrdc.o)
                0x000000000041aac0                nullrdc_driver
 .rodata        0x000000000041ab00       0x40 contiki-native.a(nullsec.o)
                0x000000000041ab20                nullsec_driver
 .rodata        0x000000000041ab40       0x70 contiki-native.a(nullradio.o)
                0x000000000041ab40                nullradio_driver

.rodata1
 *(.rodata1)

.eh_frame_hdr   0x000000000041abb0      0xf94
 *(.eh_frame_hdr)
 .eh_frame_hdr  0x000000000041abb0      0xf94 /usr/lib/gcc/x86_64-linux-gnu/5/../../../x86_64-linux-gnu/crt1.o
                0x000000000041abb0                __GNU_EH_FRAME_HDR
 *(.eh_frame_entry .eh_frame_entry.*)

.eh_frame       0x000000000041bb48     0x3f2c
 *(.eh_frame)
 .eh_frame      0x000000000041bb48       0x30 /usr/lib/gcc/x86_64-linux-gnu/5/../../../x86_64-linux-gnu/crt1.o
 .eh_frame      0x000000000041bb78       0x40 /usr/lib/gcc/x86_64-linux-gnu/5/../../../x86_64-linux-gnu/crt1.o
 .eh_frame      0x000000000041bbb8       0x20 hello-world.co
                                         0x38 (size before relaxing)
 .eh_frame      0x000000000041bbd8       0xe0 contiki-native.a(contiki-main.o)
                                         0xf8 (size before relaxing)
 .eh_frame      0x000000000041bcb8       0x80 contiki-native.a(button-sensor.o)
                                         0x98 (size before relaxing)
 .eh_frame      0x000000000041bd38       0x80 contiki-native.a(pir-sensor.o)
                                         0x98 (size before relaxing)
 .eh_frame      0x000000000041bdb8       0x80 contiki-native.a(vib-sensor.o)
                                         0x98 (size before relaxing)
 .eh_frame      0x000000000041be38       0xc0 contiki-native.a(sensors.o)
                                         0xd8 (size before relaxing)
 .eh_frame      0x000000000041bef8       0x40 contiki-native.a(autostart.o)
                                         0x58 (size before relaxing)
 .eh_frame      0x000000000041bf38      0x100 contiki-native.a(ctimer.o)
                                        0x118 (size before relaxing)
 .eh_frame      0x000000000041c038      0x1e0 contiki-native.a(etimer.o)
                                        0x1f8 (size before relaxing)
 .eh_frame      0x000000000041c218      0x1c8 contiki-native.a(process.o)
                                        0x1e0 (size before relaxing)
 .eh_frame      0x000000000041c3e0       0x60 contiki-native.a(rtimer.o)
                                         0x78 (size before relaxing)
 .eh_frame      0x000000000041c440       0xa0 contiki-native.a(timer.o)
                                         0xb8 (size before relaxing)
 .eh_frame      0x000000000041c4e0       0x60 contiki-native.a(serial-line.o)
                                         0x78 (size before relaxing)
 .eh_frame      0x000000000041c540      0x180 contiki-native.a(list.o)
                                        0x198 (size before relaxing)
 .eh_frame      0x000000000041c6c0       0xa0 contiki-native.a(ringbuf.o)
                                         0xb8 (size before relaxing)
 .eh_frame      0x000000000041c760      0x2c8 contiki-native.a(uip-ds6.o)
                                        0x2e0 (size before relaxing)
 .eh_frame      0x000000000041ca28      0x2c0 contiki-native.a(uip-ds6-route.o)
                                        0x2d8 (size before relaxing)
 .eh_frame      0x000000000041cce8      0x278 contiki-native.a(uip6.o)
                                        0x288 (size before relaxing)
 .eh_frame      0x000000000041cf60      0x160 contiki-native.a(uip-ds6-nbr.o)
                                        0x178 (size before relaxing)
 .eh_frame      0x000000000041d0c0       0x88 contiki-native.a(uip-nd6.o)
                                         0xa0 (size before relaxing)
 .eh_frame      0x000000000041d148      0x2a0 contiki-native.a(sicslowpan.o)
                                        0x2b8 (size before relaxing)
 .eh_frame      0x000000000041d3e8       0xe0 contiki-native.a(uip-packetqueue)
                                         0xf8 (size before relaxing)
 .eh_frame      0x000000000041d4c8      0x2b0 contiki-native.a(tcpip.o)
                                        0x2c0 (size before relaxing)
 .eh_frame      0x000000000041d778       0x20 contiki-native.a(uip-debug.o)
                                         0x38 (size before relaxing)
 .eh_frame      0x000000000041d798       0xa0 contiki-native.a(rpl-ext-header.)
                                         0xb8 (size before relaxing)
 .eh_frame      0x000000000041d838      0x140 contiki-native.a(rpl.o)
                                        0x158 (size before relaxing)
 .eh_frame      0x000000000041d978      0x288 contiki-native.a(rpl-icmp6.o)
                                        0x2a0 (size before relaxing)
 .eh_frame      0x000000000041dc00      0x718 contiki-native.a(rpl-dag.o)
                                        0x728 (size before relaxing)
 .eh_frame      0x000000000041e318      0x1a0 contiki-native.a(queuebuf.o)
                                        0x1b8 (size before relaxing)
 .eh_frame      0x000000000041e4b8      0x2a0 contiki-native.a(nbr-table.o)
                                        0x2b8 (size before relaxing)
 .eh_frame      0x000000000041e758      0x2b0 contiki-native.a(packetbuf.o)
                                        0x2c0 (size before relaxing)
 .eh_frame      0x000000000041ea08       0x20 contiki-native.a(netstack.o)
                                         0x38 (size before relaxing)
 .eh_frame      0x000000000041ea28       0x60 contiki-native.a(linkaddr.o)
                                         0x78 (size before relaxing)
 .eh_frame      0x000000000041ea88       0xe0 contiki-native.a(link-stats.o)
                                         0xf8 (size before relaxing)
 .eh_frame      0x000000000041eb68       0xc0 contiki-native.a(nullmac.o)
                                         0xd8 (size before relaxing)
 .eh_frame      0x000000000041ec28       0x88 contiki-native.a(framer-802154.o)
                                         0xa0 (size before relaxing)
 .eh_frame      0x000000000041ecb0      0x108 contiki-native.a(nullrdc.o)
                                        0x120 (size before relaxing)
 .eh_frame      0x000000000041edb8       0x60 contiki-native.a(nullsec.o)
                                         0x78 (size before relaxing)
 .eh_frame      0x000000000041ee18       0x60 contiki-native.a(clock.o)
                                         0x78 (size before relaxing)
 .eh_frame      0x000000000041ee78       0x60 contiki-native.a(rtimer-arch.o)
                                         0x78 (size before relaxing)
 .eh_frame      0x000000000041eed8       0xa0 contiki-native.a(watchdog.o)
                                         0xb8 (size before relaxing)
 .eh_frame      0x000000000041ef78       0xc0 contiki-native.a(stimer.o)
                                         0xd8 (size before relaxing)
 .eh_frame      0x000000000041f038      0x1c0 contiki-native.a(nullradio.o)
                                        0x1d8 (size before relaxing)
 .eh_frame      0x000000000041f1f8       0xa0 contiki-native.a(memb.o)
                                         0xb8 (size before relaxing)
 .eh_frame      0x000000000041f298       0x40 contiki-native.a(random.o)
                                         0x58 (size before relaxing)
 .eh_frame      0x000000000041f2d8      0x158 contiki-native.a(uip-icmp6.o)
                                        0x168 (size before relaxing)
 .eh_frame      0x000000000041f430       0xc0 contiki-native.a(rpl-nbr-policy.)
                                         0xd8 (size before relaxing)
 .eh_frame      0x000000000041f4f0      0x230 contiki-native.a(rpl-timers.o)
                                        0x240 (size before relaxing)
 .eh_frame      0x000000000041f720      0x128 contiki-native.a(rpl-mrhof.o)
                                        0x140 (size before relaxing)
 .eh_frame      0x000000000041f848      0x1a8 contiki-native.a(frame802154.o)
                                        0x1c0 (size before relaxing)
 .eh_frame      0x000000000041f9f0       0x20 contiki-native.a(mac.o)
                                         0x38 (size before relaxing)
 .eh_frame      0x000000000041fa10       0x60 /usr/lib/x86_64-linux-gnu/libc_nonshared.a(elf-init.oS)
                                         0x78 (size before relaxing)
 .eh_frame      0x000000000041fa70        0x4 /usr/lib/gcc/x86_64-linux-gnu/5/crtend.o
 *(.eh_frame.*)

.gcc_except_table
 *(.gcc_except_table .gcc_except_table.*)

.gnu_extab
 *(.gnu_extab*)

.exception_ranges
 *(.exception_ranges .exception_ranges*)
                0x000000000061fe10                . = DATA_SEGMENT_ALIGN (0x200000, 0x1000)

.eh_frame
 *(.eh_frame)
 *(.eh_frame.*)

.gnu_extab
 *(.gnu_extab)

.gcc_except_table
 *(.gcc_except_table .gcc_except_table.*)

.exception_ranges
 *(.exception_ranges .exception_ranges*)

.tdata
 *(.tdata .tdata.* .gnu.linkonce.td.*)

.tbss
 *(.tbss .tbss.* .gnu.linkonce.tb.*)
 *(.tcommon)

.preinit_array  0x000000000061fe10        0x0
                [!provide]                        PROVIDE (__preinit_array_start, .)
 *(.preinit_array)
                [!provide]                        PROVIDE (__preinit_array_end, .)

.init_array     0x000000000061fe10        0x8
                0x000000000061fe10                PROVIDE (__init_array_start, .)
 *(SORT(.init_array.*) SORT(.ctors.*))
 *(.init_array EXCLUDE_FILE(*crtend?.o *crtend.o *crtbegin?.o *crtbegin.o) .ctors)
 .init_array    0x000000000061fe10        0x8 /usr/lib/gcc/x86_64-linux-gnu/5/crtbegin.o
                0x000000000061fe18                PROVIDE (__init_array_end, .)

.fini_array     0x000000000061fe18        0x8
                [!provide]                        PROVIDE (__fini_array_start, .)
 *(SORT(.fini_array.*) SORT(.dtors.*))
 *(.fini_array EXCLUDE_FILE(*crtend?.o *crtend.o *crtbegin?.o *crtbegin.o) .dtors)
 .fini_array    0x000000000061fe18        0x8 /usr/lib/gcc/x86_64-linux-gnu/5/crtbegin.o
                [!provide]                        PROVIDE (__fini_array_end, .)

.ctors
 *crtbegin.o(.ctors)
 *crtbegin?.o(.ctors)
 *(EXCLUDE_FILE(*crtend?.o *crtend.o) .ctors)
 *(SORT(.ctors.*))
 *(.ctors)

.dtors
 *crtbegin.o(.dtors)
 *crtbegin?.o(.dtors)
 *(EXCLUDE_FILE(*crtend?.o *crtend.o) .dtors)
 *(SORT(.dtors.*))
 *(.dtors)

.jcr            0x000000000061fe20        0x8
 *(.jcr)
 .jcr           0x000000000061fe20        0x0 /usr/lib/gcc/x86_64-linux-gnu/5/crtbegin.o
 .jcr           0x000000000061fe20        0x8 /usr/lib/gcc/x86_64-linux-gnu/5/crtend.o

.data.rel.ro
 *(.data.rel.ro.local* .gnu.linkonce.d.rel.ro.local.*)
 *(.data.rel.ro .data.rel.ro.* .gnu.linkonce.d.rel.ro.*)

.dynamic        0x000000000061fe28      0x1d0
 *(.dynamic)
 .dynamic       0x000000000061fe28      0x1d0 /usr/lib/gcc/x86_64-linux-gnu/5/../../../x86_64-linux-gnu/crt1.o
                0x000000000061fe28                _DYNAMIC

.got            0x000000000061fff8        0x8
 *(.got)
 .got           0x000000000061fff8        0x8 /usr/lib/gcc/x86_64-linux-gnu/5/../../../x86_64-linux-gnu/crt1.o
 *(.igot)
                0x0000000000620fe8                . = DATA_SEGMENT_RELRO_END (., (SIZEOF (.got.plt) >= 0x18)?0x18:0x0)

.got.plt        0x0000000000620000       0xd0
 *(.got.plt)
 .got.plt       0x0000000000620000       0xd0 /usr/lib/gcc/x86_64-linux-gnu/5/../../../x86_64-linux-gnu/crt1.o
                0x0000000000620000                _GLOBAL_OFFSET_TABLE_
 *(.igot.plt)
 .igot.plt      0x00000000006200d0        0x0 /usr/lib/gcc/x86_64-linux-gnu/5/../../../x86_64-linux-gnu/crt1.o

.data           0x00000000006200e0      0x40a
 *(.data .data.* .gnu.linkonce.d.*)
 .data          0x00000000006200e0        0x4 /usr/lib/gcc/x86_64-linux-gnu/5/../../../x86_64-linux-gnu/crt1.o
                0x00000000006200e0                data_start
                0x00000000006200e0                __data_start
 .data          0x00000000006200e4        0x0 /usr/lib/gcc/x86_64-linux-gnu/5/../../../x86_64-linux-gnu/crti.o
 *fill*         0x00000000006200e4        0x4 
 .data          0x00000000006200e8        0x8 /usr/lib/gcc/x86_64-linux-gnu/5/crtbegin.o
                0x00000000006200e8                __dso_handle
 *fill*         0x00000000006200f0       0x10 
 .data          0x0000000000620100       0x20 hello-world.co
                0x0000000000620100                hello_world_process
 .data          0x0000000000620120       0x28 contiki-native.a(contiki-main.o)
                0x0000000000620120                sensors
 .data          0x0000000000620148        0x0 contiki-native.a(button-sensor.o)
 .data          0x0000000000620148        0x0 contiki-native.a(pir-sensor.o)
 .data          0x0000000000620148        0x0 contiki-native.a(vib-sensor.o)
 *fill*         0x0000000000620148       0x18 
 .data          0x0000000000620160       0x20 contiki-native.a(sensors.o)
                0x0000000000620160                sensors_process
 .data          0x0000000000620180        0x0 contiki-native.a(autostart.o)
 .data          0x0000000000620180       0x40 contiki-native.a(ctimer.o)
                0x00000000006201a0                ctimer_process
 .data          0x00000000006201c0       0x20 contiki-native.a(etimer.o)
                0x00000000006201c0                etimer_process
 .data          0x00000000006201e0        0x0 contiki-native.a(process.o)
 .data          0x00000000006201e0        0x0 contiki-native.a(rtimer.o)
 .data          0x00000000006201e0        0x0 contiki-native.a(timer.o)
 .data          0x00000000006201e0       0x20 contiki-native.a(serial-line.o)
                0x00000000006201e0                serial_line_process
 .data          0x0000000000620200        0x0 contiki-native.a(list.o)
 .data          0x0000000000620200        0x0 contiki-native.a(ringbuf.o)
 .data          0x0000000000620200        0x0 contiki-native.a(uip-ds6.o)
 .data          0x0000000000620200       0x80 contiki-native.a(uip-ds6-route.o)
                0x0000000000620218                nbr_routes
 .data          0x0000000000620280        0x0 contiki-native.a(uip6.o)
 .data          0x0000000000620280       0x20 contiki-native.a(uip-ds6-nbr.o)
                0x0000000000620298                ds6_neighbors
 .data          0x00000000006202a0       0x18 contiki-native.a(uip-nd6.o)
 .data          0x00000000006202b8        0x0 contiki-native.a(sicslowpan.o)
 *fill*         0x00000000006202b8        0x8 
 .data          0x00000000006202c0       0x18 contiki-native.a(uip-packetqueue)
 *fill*         0x00000000006202d8        0x8 
 .data          0x00000000006202e0       0x20 contiki-native.a(tcpip.o)
                0x00000000006202e0                tcpip_process
 .data          0x0000000000620300        0x0 contiki-native.a(uip-debug.o)
 .data          0x0000000000620300        0x0 contiki-native.a(rpl-ext-header.)
 .data          0x0000000000620300        0x0 contiki-native.a(rpl.o)
 .data          0x0000000000620300       0x88 contiki-native.a(rpl-icmp6.o)
 *fill*         0x0000000000620388        0x8 
 .data          0x0000000000620390       0x20 contiki-native.a(rpl-dag.o)
                0x00000000006203a8                rpl_parents
 .data          0x00000000006203b0       0x38 contiki-native.a(queuebuf.o)
 *fill*         0x00000000006203e8        0x8 
 .data          0x00000000006203f0       0x20 contiki-native.a(nbr-table.o)
 .data          0x0000000000620410        0x8 contiki-native.a(packetbuf.o)
 .data          0x0000000000620418        0x0 contiki-native.a(netstack.o)
 .data          0x0000000000620418        0x0 contiki-native.a(linkaddr.o)
 *fill*         0x0000000000620418        0x8 
 .data          0x0000000000620420       0x20 contiki-native.a(link-stats.o)
 .data          0x0000000000620440        0x0 contiki-native.a(nullmac.o)
 .data          0x0000000000620440        0x0 contiki-native.a(framer-802154.o)
 .data          0x0000000000620440        0x0 contiki-native.a(nullrdc.o)
 .data          0x0000000000620440        0x0 contiki-native.a(nullsec.o)
 .data          0x0000000000620440        0x0 contiki-native.a(clock.o)
 .data          0x0000000000620440        0x0 contiki-native.a(rtimer-arch.o)
 .data          0x0000000000620440        0x0 contiki-native.a(watchdog.o)
 .data          0x0000000000620440        0x0 contiki-native.a(stimer.o)
 .data          0x0000000000620440        0x0 contiki-native.a(nullradio.o)
 .data          0x0000000000620440        0x0 contiki-native.a(memb.o)
 .data          0x0000000000620440        0x0 contiki-native.a(random.o)
 .data          0x0000000000620440       0x48 contiki-native.a(uip-icmp6.o)
 .data          0x0000000000620488        0x0 contiki-native.a(rpl-nbr-policy.)
 .data          0x0000000000620488        0x0 contiki-native.a(rpl-timers.o)
 *fill*         0x0000000000620488       0x18 
 .data          0x00000000006204a0       0x48 contiki-native.a(rpl-mrhof.o)
                0x00000000006204a0                rpl_mrhof
 .data          0x00000000006204e8        0x2 contiki-native.a(frame802154.o)
 .data          0x00000000006204ea        0x0 contiki-native.a(mac.o)
 .data          0x00000000006204ea        0x0 /usr/lib/x86_64-linux-gnu/libc_nonshared.a(elf-init.oS)
 .data          0x00000000006204ea        0x0 /usr/lib/gcc/x86_64-linux-gnu/5/crtend.o
 .data          0x00000000006204ea        0x0 /usr/lib/gcc/x86_64-linux-gnu/5/../../../x86_64-linux-gnu/crtn.o

.tm_clone_table
                0x00000000006204f0        0x0
 .tm_clone_table
                0x00000000006204f0        0x0 /usr/lib/gcc/x86_64-linux-gnu/5/crtbegin.o
 .tm_clone_table
                0x00000000006204f0        0x0 /usr/lib/gcc/x86_64-linux-gnu/5/crtend.o

.data1
 *(.data1)
                0x00000000006204f0                _edata = .
                [!provide]                        PROVIDE (edata, .)
                0x00000000006204f0                . = .
                0x00000000006204f0                __bss_start = .

.bss            0x0000000000620500     0x4420
 *(.dynbss)
 .dynbss        0x0000000000620500       0x28 /usr/lib/gcc/x86_64-linux-gnu/5/../../../x86_64-linux-gnu/crt1.o
                0x0000000000620500                stdout@@GLIBC_2.2.5
                0x0000000000620520                stderr@@GLIBC_2.2.5
 *(.bss .bss.* .gnu.linkonce.b.*)
 .bss           0x0000000000620528        0x0 /usr/lib/gcc/x86_64-linux-gnu/5/../../../x86_64-linux-gnu/crt1.o
 .bss           0x0000000000620528        0x0 /usr/lib/gcc/x86_64-linux-gnu/5/../../../x86_64-linux-gnu/crti.o
 .bss           0x0000000000620528        0x1 /usr/lib/gcc/x86_64-linux-gnu/5/crtbegin.o
 .bss           0x0000000000620529        0x0 hello-world.co
 *fill*         0x0000000000620529       0x17 
 .bss           0x0000000000620540       0x64 contiki-native.a(contiki-main.o)
                0x0000000000620540                contiki_argc
 .bss           0x00000000006205a4        0x0 contiki-native.a(button-sensor.o)
 .bss           0x00000000006205a4        0x4 contiki-native.a(pir-sensor.o)
 .bss           0x00000000006205a8        0x4 contiki-native.a(vib-sensor.o)
 .bss           0x00000000006205ac        0xc contiki-native.a(sensors.o)
 .bss           0x00000000006205b8        0x0 contiki-native.a(autostart.o)
 .bss           0x00000000006205b8        0x9 contiki-native.a(ctimer.o)
 *fill*         0x00000000006205c1        0x7 
 .bss           0x00000000006205c8       0x10 contiki-native.a(etimer.o)
 *fill*         0x00000000006205d8        0x8 
 .bss           0x00000000006205e0      0x321 contiki-native.a(process.o)
                0x00000000006205e0                process_list
                0x00000000006205e8                process_current
 *fill*         0x0000000000620901        0x7 
 .bss           0x0000000000620908        0x8 contiki-native.a(rtimer.o)
 .bss           0x0000000000620910        0x0 contiki-native.a(timer.o)
 *fill*         0x0000000000620910       0x10 
 .bss           0x0000000000620920      0x140 contiki-native.a(serial-line.o)
 .bss           0x0000000000620a60        0x0 contiki-native.a(list.o)
 .bss           0x0000000000620a60        0x0 contiki-native.a(ringbuf.o)
 .bss           0x0000000000620a60       0x30 contiki-native.a(uip-ds6.o)
 *fill*         0x0000000000620a90       0x10 
 .bss           0x0000000000620aa0      0xc28 contiki-native.a(uip-ds6-route.o)
 .bss           0x00000000006216c8        0xa contiki-native.a(uip6.o)
                0x00000000006216c8                uip_ext_bitmap
                0x00000000006216c9                uip_ext_len
                0x00000000006216ca                uip_ext_opt_offset
 *fill*         0x00000000006216d2        0xe 
 .bss           0x00000000006216e0      0x3c0 contiki-native.a(uip-ds6-nbr.o)
 .bss           0x0000000000621aa0       0x20 contiki-native.a(uip-nd6.o)
 .bss           0x0000000000621ac0      0x728 contiki-native.a(sicslowpan.o)
 *fill*         0x00000000006221e8       0x18 
 .bss           0x0000000000622200      0x410 contiki-native.a(uip-packetqueue)
 *fill*         0x0000000000622610       0x10 
 .bss           0x0000000000622620      0x2b0 contiki-native.a(tcpip.o)
 .bss           0x00000000006228d0        0x0 contiki-native.a(uip-debug.o)
 .bss           0x00000000006228d0        0x0 contiki-native.a(rpl-ext-header.)
 .bss           0x00000000006228d0        0x4 contiki-native.a(rpl.o)
 .bss           0x00000000006228d4        0x0 contiki-native.a(rpl-icmp6.o)
 *fill*         0x00000000006228d4        0xc 
 .bss           0x00000000006228e0      0x1e0 contiki-native.a(rpl-dag.o)
 .bss           0x0000000000622ac0      0x600 contiki-native.a(queuebuf.o)
 .bss           0x00000000006230c0      0x2a8 contiki-native.a(nbr-table.o)
 *fill*         0x0000000000623368       0x18 
 .bss           0x0000000000623380       0xa0 contiki-native.a(packetbuf.o)
 .bss           0x0000000000623420        0x0 contiki-native.a(netstack.o)
 .bss           0x0000000000623420        0x0 contiki-native.a(linkaddr.o)
 .bss           0x0000000000623420      0x1e0 contiki-native.a(link-stats.o)
 .bss           0x0000000000623600        0x0 contiki-native.a(nullmac.o)
 .bss           0x0000000000623600        0x2 contiki-native.a(framer-802154.o)
 .bss           0x0000000000623602        0x0 contiki-native.a(nullrdc.o)
 .bss           0x0000000000623602        0x0 contiki-native.a(nullsec.o)
 .bss           0x0000000000623602        0x0 contiki-native.a(clock.o)
 .bss           0x0000000000623602        0x0 contiki-native.a(rtimer-arch.o)
 .bss           0x0000000000623602        0x0 contiki-native.a(watchdog.o)
 .bss           0x0000000000623602        0x0 contiki-native.a(stimer.o)
 .bss           0x0000000000623602        0x0 contiki-native.a(nullradio.o)
 .bss           0x0000000000623602        0x0 contiki-native.a(memb.o)
 .bss           0x0000000000623602        0x0 contiki-native.a(random.o)
 *fill*         0x0000000000623602        0xe 
 .bss           0x0000000000623610       0x20 contiki-native.a(uip-icmp6.o)
 *fill*         0x0000000000623630       0x10 
 .bss           0x0000000000623640       0x64 contiki-native.a(rpl-nbr-policy.)
 *fill*         0x00000000006236a4       0x1c 
 .bss           0x00000000006236c0       0x43 contiki-native.a(rpl-timers.o)
 .bss           0x0000000000623703        0x0 contiki-native.a(rpl-mrhof.o)
 .bss           0x0000000000623703        0x0 contiki-native.a(frame802154.o)
 .bss           0x0000000000623703        0x0 contiki-native.a(mac.o)
 .bss           0x0000000000623703        0x0 /usr/lib/x86_64-linux-gnu/libc_nonshared.a(elf-init.oS)
 .bss           0x0000000000623703        0x0 /usr/lib/gcc/x86_64-linux-gnu/5/crtend.o
 .bss           0x0000000000623703        0x0 /usr/lib/gcc/x86_64-linux-gnu/5/../../../x86_64-linux-gnu/crtn.o
 *(COMMON)
 *fill*         0x0000000000623703        0x5 
 COMMON         0x0000000000623708        0xc contiki-native.a(contiki-main.o)
                0x0000000000623708                contiki_argv
                0x0000000000623710                sensors_flags
 COMMON         0x0000000000623714        0x1 contiki-native.a(sensors.o)
                0x0000000000623714                sensors_event
 COMMON         0x0000000000623715        0x1 contiki-native.a(serial-line.o)
                0x0000000000623715                serial_line_event_message
 *fill*         0x0000000000623716        0xa 
 COMMON         0x0000000000623720      0x1c1 contiki-native.a(uip-ds6.o)
                0x0000000000623720                uip_ds6_prefix_list
                0x0000000000623780                uip_ds6_timer_periodic
                0x00000000006237a0                uip_ds6_netif_addr_list_offset
                0x00000000006237c0                uip_ds6_if
                0x00000000006238d0                uip_ds6_timer_ra
                0x00000000006238e0                uip_ds6_addr_size
 *fill*         0x00000000006238e1       0x1f 
 COMMON         0x0000000000623900      0xd38 contiki-native.a(uip6.o)
                0x0000000000623900                uip_slen
                0x0000000000623902                uip_acc32
                0x0000000000623920                uip_conns
                0x00000000006241e0                uip_icmp6_conns
                0x00000000006241f0                uip_lladdr
                0x00000000006241f8                uip_appdata
                0x0000000000624200                uip_flags
                0x0000000000624220                uip_aligned_buf
                0x00000000006243e0                uip_listenports
                0x0000000000624430                uip_len
                0x0000000000624438                uip_sappdata
                0x0000000000624440                uip_udp_conns
                0x0000000000624620                uip_udp_conn
                0x0000000000624628                uip_next_hdr
                0x0000000000624630                uip_conn
 COMMON         0x0000000000624638        0x2 contiki-native.a(tcpip.o)
                0x0000000000624638                tcpip_icmp6_event
                0x0000000000624639                tcpip_event
 *fill*         0x000000000062463a        0x6 
 COMMON         0x0000000000624640      0x250 contiki-native.a(rpl-dag.o)
                0x0000000000624640                default_instance
                0x0000000000624660                instance_table
 COMMON         0x0000000000624890       0x30 contiki-native.a(packetbuf.o)
                0x0000000000624890                packetbuf_attrs
                0x00000000006248b0                packetbuf_addrs
 COMMON         0x00000000006248c0        0x8 contiki-native.a(linkaddr.o)
                0x00000000006248c0                linkaddr_node_addr
 *fill*         0x00000000006248c8       0x18 
 COMMON         0x00000000006248e0       0x40 contiki-native.a(link-stats.o)
                0x00000000006248e0                periodic_timer
                0x0000000000624920                . = ALIGN ((. != 0x0)?0x8:0x1)

.lbss
 *(.dynlbss)
 *(.lbss .lbss.* .gnu.linkonce.lb.*)
 *(LARGE_COMMON)
                0x0000000000624920                . = ALIGN (0x8)
                0x0000000000624920                . = SEGMENT_START ("ldata-segment", .)

.lrodata
 *(.lrodata .lrodata.* .gnu.linkonce.lr.*)

.ldata          0x0000000000a24920        0x0
 *(.ldata .ldata.* .gnu.linkonce.l.*)
                0x0000000000a24920                . = ALIGN ((. != 0x0)?0x8:0x1)
                0x0000000000a24920                . = ALIGN (0x8)
                0x0000000000a24920                _end = .
                [!provide]                        PROVIDE (end, .)
                0x0000000000a24920                . = DATA_SEGMENT_END (.)

.stab
 *(.stab)

.stabstr
 *(.stabstr)

.stab.excl
 *(.stab.excl)

.stab.exclstr
 *(.stab.exclstr)

.stab.index
 *(.stab.index)

.stab.indexstr
 *(.stab.indexstr)

.comment        0x0000000000000000       0x35
 *(.comment)
 .comment       0x0000000000000000       0x35 /usr/lib/gcc/x86_64-linux-gnu/5/crtbegin.o
                                         0x36 (size before relaxing)
 .comment       0x0000000000000035       0x36 hello-world.co
 .comment       0x0000000000000035       0x36 contiki-native.a(contiki-main.o)
 .comment       0x0000000000000035       0x36 contiki-native.a(button-sensor.o)
 .comment       0x0000000000000035       0x36 contiki-native.a(pir-sensor.o)
 .comment       0x0000000000000035       0x36 contiki-native.a(vib-sensor.o)
 .comment       0x0000000000000035       0x36 contiki-native.a(sensors.o)
 .comment       0x0000000000000035       0x36 contiki-native.a(autostart.o)
 .comment       0x0000000000000035       0x36 contiki-native.a(ctimer.o)
 .comment       0x0000000000000035       0x36 contiki-native.a(etimer.o)
 .comment       0x0000000000000035       0x36 contiki-native.a(process.o)
 .comment       0x0000000000000035       0x36 contiki-native.a(rtimer.o)
 .comment       0x0000000000000035       0x36 contiki-native.a(timer.o)
 .comment       0x0000000000000035       0x36 contiki-native.a(serial-line.o)
 .comment       0x0000000000000035       0x36 contiki-native.a(list.o)
 .comment       0x0000000000000035       0x36 contiki-native.a(ringbuf.o)
 .comment       0x0000000000000035       0x36 contiki-native.a(uip-ds6.o)
 .comment       0x0000000000000035       0x36 contiki-native.a(uip-ds6-route.o)
 .comment       0x0000000000000035       0x36 contiki-native.a(uip6.o)
 .comment       0x0000000000000035       0x36 contiki-native.a(uip-ds6-nbr.o)
 .comment       0x0000000000000035       0x36 contiki-native.a(uip-nd6.o)
 .comment       0x0000000000000035       0x36 contiki-native.a(sicslowpan.o)
 .comment       0x0000000000000035       0x36 contiki-native.a(uip-packetqueue)
 .comment       0x0000000000000035       0x36 contiki-native.a(tcpip.o)
 .comment       0x0000000000000035       0x36 contiki-native.a(uip-debug.o)
 .comment       0x0000000000000035       0x36 contiki-native.a(rpl-ext-header.)
 .comment       0x0000000000000035       0x36 contiki-native.a(rpl.o)
 .comment       0x0000000000000035       0x36 contiki-native.a(rpl-icmp6.o)
 .comment       0x0000000000000035       0x36 contiki-native.a(rpl-dag.o)
 .comment       0x0000000000000035       0x36 contiki-native.a(queuebuf.o)
 .comment       0x0000000000000035       0x36 contiki-native.a(nbr-table.o)
 .comment       0x0000000000000035       0x36 contiki-native.a(packetbuf.o)
 .comment       0x0000000000000035       0x36 contiki-native.a(netstack.o)
 .comment       0x0000000000000035       0x36 contiki-native.a(linkaddr.o)
 .comment       0x0000000000000035       0x36 contiki-native.a(link-stats.o)
 .comment       0x0000000000000035       0x36 contiki-native.a(nullmac.o)
 .comment       0x0000000000000035       0x36 contiki-native.a(framer-802154.o)
 .comment       0x0000000000000035       0x36 contiki-native.a(nullrdc.o)
 .comment       0x0000000000000035       0x36 contiki-native.a(nullsec.o)
 .comment       0x0000000000000035       0x36 contiki-native.a(clock.o)
 .comment       0x0000000000000035       0x36 contiki-native.a(rtimer-arch.o)
 .comment       0x0000000000000035       0x36 contiki-native.a(watchdog.o)
 .comment       0x0000000000000035       0x36 contiki-native.a(stimer.o)
 .comment       0x0000000000000035       0x36 contiki-native.a(nullradio.o)
 .comment       0x0000000000000035       0x36 contiki-native.a(memb.o)
 .comment       0x0000000000000035       0x36 contiki-native.a(random.o)
 .comment       0x0000000000000035       0x36 contiki-native.a(uip-icmp6.o)
 .comment       0x0000000000000035       0x36 contiki-native.a(rpl-nbr-policy.)
 .comment       0x0000000000000035       0x36 contiki-native.a(rpl-timers.o)
 .comment       0x0000000000000035       0x36 contiki-native.a(rpl-mrhof.o)
 .comment       0x0000000000000035       0x36 contiki-native.a(frame802154.o)
 .comment       0x0000000000000035       0x36 contiki-native.a(mac.o)
 .comment       0x0000000000000035       0x36 /usr/lib/gcc/x86_64-linux-gnu/5/crtend.o

.debug
 *(.debug)

.line
 *(.line)

.debug_srcinfo
 *(.debug_srcinfo)

.debug_sfnames
 *(.debug_sfnames)

.debug_aranges  0x0000000000000000      0x990
 *(.debug_aranges)
 .debug_aranges
                0x0000000000000000       0x30 hello-world.co
 .debug_aranges
                0x0000000000000030       0x30 contiki-native.a(contiki-main.o)
 .debug_aranges
                0x0000000000000060       0x30 contiki-native.a(button-sensor.o)
 .debug_aranges
                0x0000000000000090       0x30 contiki-native.a(pir-sensor.o)
 .debug_aranges
                0x00000000000000c0       0x30 contiki-native.a(vib-sensor.o)
 .debug_aranges
                0x00000000000000f0       0x30 contiki-native.a(sensors.o)
 .debug_aranges
                0x0000000000000120       0x30 contiki-native.a(autostart.o)
 .debug_aranges
                0x0000000000000150       0x30 contiki-native.a(ctimer.o)
 .debug_aranges
                0x0000000000000180       0x30 contiki-native.a(etimer.o)
 .debug_aranges
                0x00000000000001b0       0x30 contiki-native.a(process.o)
 .debug_aranges
                0x00000000000001e0       0x30 contiki-native.a(rtimer.o)
 .debug_aranges
                0x0000000000000210       0x30 contiki-native.a(timer.o)
 .debug_aranges
                0x0000000000000240       0x30 contiki-native.a(serial-line.o)
 .debug_aranges
                0x0000000000000270       0x30 contiki-native.a(list.o)
 .debug_aranges
                0x00000000000002a0       0x30 contiki-native.a(ringbuf.o)
 .debug_aranges
                0x00000000000002d0       0x30 contiki-native.a(uip-ds6.o)
 .debug_aranges
                0x0000000000000300       0x30 contiki-native.a(uip-ds6-route.o)
 .debug_aranges
                0x0000000000000330       0x30 contiki-native.a(uip6.o)
 .debug_aranges
                0x0000000000000360       0x30 contiki-native.a(uip-ds6-nbr.o)
 .debug_aranges
                0x0000000000000390       0x30 contiki-native.a(uip-nd6.o)
 .debug_aranges
                0x00000000000003c0       0x30 contiki-native.a(sicslowpan.o)
 .debug_aranges
                0x00000000000003f0       0x30 contiki-native.a(uip-packetqueue)
 .debug_aranges
                0x0000000000000420       0x30 contiki-native.a(tcpip.o)
 .debug_aranges
                0x0000000000000450       0x30 contiki-native.a(uip-debug.o)
 .debug_aranges
                0x0000000000000480       0x30 contiki-native.a(rpl-ext-header.)
 .debug_aranges
                0x00000000000004b0       0x30 contiki-native.a(rpl.o)
 .debug_aranges
                0x00000000000004e0       0x30 contiki-native.a(rpl-icmp6.o)
 .debug_aranges
                0x0000000000000510       0x30 contiki-native.a(rpl-dag.o)
 .debug_aranges
                0x0000000000000540       0x30 contiki-native.a(queuebuf.o)
 .debug_aranges
                0x0000000000000570       0x30 contiki-native.a(nbr-table.o)
 .debug_aranges
                0x00000000000005a0       0x30 contiki-native.a(packetbuf.o)
 .debug_aranges
                0x00000000000005d0       0x30 contiki-native.a(netstack.o)
 .debug_aranges
                0x0000000000000600       0x30 contiki-native.a(linkaddr.o)
 .debug_aranges
                0x0000000000000630       0x30 contiki-native.a(link-stats.o)
 .debug_aranges
                0x0000000000000660       0x30 contiki-native.a(nullmac.o)
 .debug_aranges
                0x0000000000000690       0x30 contiki-native.a(framer-802154.o)
 .debug_aranges
                0x00000000000006c0       0x30 contiki-native.a(nullrdc.o)
 .debug_aranges
                0x00000000000006f0       0x30 contiki-native.a(nullsec.o)
 .debug_aranges
                0x0000000000000720       0x30 contiki-native.a(clock.o)
 .debug_aranges
                0x0000000000000750       0x30 contiki-native.a(rtimer-arch.o)
 .debug_aranges
                0x0000000000000780       0x30 contiki-native.a(watchdog.o)
 .debug_aranges
                0x00000000000007b0       0x30 contiki-native.a(stimer.o)
 .debug_aranges
                0x00000000000007e0       0x30 contiki-native.a(nullradio.o)
 .debug_aranges
                0x0000000000000810       0x30 contiki-native.a(memb.o)
 .debug_aranges
                0x0000000000000840       0x30 contiki-native.a(random.o)
 .debug_aranges
                0x0000000000000870       0x30 contiki-native.a(uip-icmp6.o)
 .debug_aranges
                0x00000000000008a0       0x30 contiki-native.a(rpl-nbr-policy.)
 .debug_aranges
                0x00000000000008d0       0x30 contiki-native.a(rpl-timers.o)
 .debug_aranges
                0x0000000000000900       0x30 contiki-native.a(rpl-mrhof.o)
 .debug_aranges
                0x0000000000000930       0x30 contiki-native.a(frame802154.o)
 .debug_aranges
                0x0000000000000960       0x30 contiki-native.a(mac.o)

.debug_pubnames
 *(.debug_pubnames)

.debug_info     0x0000000000000000    0x16380
 *(.debug_info .gnu.linkonce.wi.*)
 .debug_info    0x0000000000000000      0x1ee hello-world.co
 .debug_info    0x00000000000001ee      0xc02 contiki-native.a(contiki-main.o)
 .debug_info    0x0000000000000df0      0x1b7 contiki-native.a(button-sensor.o)
 .debug_info    0x0000000000000fa7      0x1dd contiki-native.a(pir-sensor.o)
 .debug_info    0x0000000000001184      0x1ca contiki-native.a(vib-sensor.o)
 .debug_info    0x000000000000134e      0x3b3 contiki-native.a(sensors.o)
 .debug_info    0x0000000000001701      0x1b6 contiki-native.a(autostart.o)
 .debug_info    0x00000000000018b7      0x4e7 contiki-native.a(ctimer.o)
 .debug_info    0x0000000000001d9e      0x52a contiki-native.a(etimer.o)
 .debug_info    0x00000000000022c8      0x531 contiki-native.a(process.o)
 .debug_info    0x00000000000027f9      0x1cc contiki-native.a(rtimer.o)
 .debug_info    0x00000000000029c5      0x19c contiki-native.a(timer.o)
 .debug_info    0x0000000000002b61      0x310 contiki-native.a(serial-line.o)
 .debug_info    0x0000000000002e71      0x355 contiki-native.a(list.o)
 .debug_info    0x00000000000031c6      0x1da contiki-native.a(ringbuf.o)
 .debug_info    0x00000000000033a0      0xb38 contiki-native.a(uip-ds6.o)
 .debug_info    0x0000000000003ed8      0xe76 contiki-native.a(uip-ds6-route.o)
 .debug_info    0x0000000000004d4e     0x1008 contiki-native.a(uip6.o)
 .debug_info    0x0000000000005d56      0x834 contiki-native.a(uip-ds6-nbr.o)
 .debug_info    0x000000000000658a      0x84e contiki-native.a(uip-nd6.o)
 .debug_info    0x0000000000006dd8     0x1062 contiki-native.a(sicslowpan.o)
 .debug_info    0x0000000000007e3a      0x4ae contiki-native.a(uip-packetqueue)
 .debug_info    0x00000000000082e8     0x14f2 contiki-native.a(tcpip.o)
 .debug_info    0x00000000000097da      0x13d contiki-native.a(uip-debug.o)
 .debug_info    0x0000000000009917      0xedc contiki-native.a(rpl-ext-header.)
 .debug_info    0x000000000000a7f3      0xd50 contiki-native.a(rpl.o)
 .debug_info    0x000000000000b543     0x16db contiki-native.a(rpl-icmp6.o)
 .debug_info    0x000000000000cc1e     0x1d24 contiki-native.a(rpl-dag.o)
 .debug_info    0x000000000000e942      0x5eb contiki-native.a(queuebuf.o)
 .debug_info    0x000000000000ef2d      0xa5b contiki-native.a(nbr-table.o)
 .debug_info    0x000000000000f988      0x624 contiki-native.a(packetbuf.o)
 .debug_info    0x000000000000ffac      0x4cd contiki-native.a(netstack.o)
 .debug_info    0x0000000000010479      0x17f contiki-native.a(linkaddr.o)
 .debug_info    0x00000000000105f8      0x65f contiki-native.a(link-stats.o)
 .debug_info    0x0000000000010c57      0x36d contiki-native.a(nullmac.o)
 .debug_info    0x0000000000010fc4      0x4d8 contiki-native.a(framer-802154.o)
 .debug_info    0x000000000001149c      0x73f contiki-native.a(nullrdc.o)
 .debug_info    0x0000000000011bdb      0x2e5 contiki-native.a(nullsec.o)
 .debug_info    0x0000000000011ec0      0x16e contiki-native.a(clock.o)
 .debug_info    0x000000000001202e      0x1ce contiki-native.a(rtimer-arch.o)
 .debug_info    0x00000000000121fc       0xff contiki-native.a(watchdog.o)
 .debug_info    0x00000000000122fb      0x1b1 contiki-native.a(stimer.o)
 .debug_info    0x00000000000124ac      0x52b contiki-native.a(nullradio.o)
 .debug_info    0x00000000000129d7      0x1f9 contiki-native.a(memb.o)
 .debug_info    0x0000000000012bd0       0xcb contiki-native.a(random.o)
 .debug_info    0x0000000000012c9b      0x7dd contiki-native.a(uip-icmp6.o)
 .debug_info    0x0000000000013478      0xe2c contiki-native.a(rpl-nbr-policy.)
 .debug_info    0x00000000000142a4      0xd84 contiki-native.a(rpl-timers.o)
 .debug_info    0x0000000000015028      0xa94 contiki-native.a(rpl-mrhof.o)
 .debug_info    0x0000000000015abc      0x797 contiki-native.a(frame802154.o)
 .debug_info    0x0000000000016253      0x12d contiki-native.a(mac.o)

.debug_abbrev   0x0000000000000000     0x558d
 *(.debug_abbrev)
 .debug_abbrev  0x0000000000000000      0x11e hello-world.co
 .debug_abbrev  0x000000000000011e      0x277 contiki-native.a(contiki-main.o)
 .debug_abbrev  0x0000000000000395       0xbc contiki-native.a(button-sensor.o)
 .debug_abbrev  0x0000000000000451       0xdc contiki-native.a(pir-sensor.o)
 .debug_abbrev  0x000000000000052d       0xda contiki-native.a(vib-sensor.o)
 .debug_abbrev  0x0000000000000607      0x1c2 contiki-native.a(sensors.o)
 .debug_abbrev  0x00000000000007c9       0xfb contiki-native.a(autostart.o)
 .debug_abbrev  0x00000000000008c4      0x1a1 contiki-native.a(ctimer.o)
 .debug_abbrev  0x0000000000000a65      0x1f8 contiki-native.a(etimer.o)
 .debug_abbrev  0x0000000000000c5d      0x244 contiki-native.a(process.o)
 .debug_abbrev  0x0000000000000ea1      0x126 contiki-native.a(rtimer.o)
 .debug_abbrev  0x0000000000000fc7       0xf5 contiki-native.a(timer.o)
 .debug_abbrev  0x00000000000010bc      0x197 contiki-native.a(serial-line.o)
 .debug_abbrev  0x0000000000001253      0x145 contiki-native.a(list.o)
 .debug_abbrev  0x0000000000001398       0xdb contiki-native.a(ringbuf.o)
 .debug_abbrev  0x0000000000001473      0x249 contiki-native.a(uip-ds6.o)
 .debug_abbrev  0x00000000000016bc      0x319 contiki-native.a(uip-ds6-route.o)
 .debug_abbrev  0x00000000000019d5      0x2d8 contiki-native.a(uip6.o)
 .debug_abbrev  0x0000000000001cad      0x228 contiki-native.a(uip-ds6-nbr.o)
 .debug_abbrev  0x0000000000001ed5      0x22e contiki-native.a(uip-nd6.o)
 .debug_abbrev  0x0000000000002103      0x28e contiki-native.a(sicslowpan.o)
 .debug_abbrev  0x0000000000002391      0x1d4 contiki-native.a(uip-packetqueue)
 .debug_abbrev  0x0000000000002565      0x364 contiki-native.a(tcpip.o)
 .debug_abbrev  0x00000000000028c9       0xad contiki-native.a(uip-debug.o)
 .debug_abbrev  0x0000000000002976      0x244 contiki-native.a(rpl-ext-header.)
 .debug_abbrev  0x0000000000002bba      0x25c contiki-native.a(rpl.o)
 .debug_abbrev  0x0000000000002e16      0x33d contiki-native.a(rpl-icmp6.o)
 .debug_abbrev  0x0000000000003153      0x375 contiki-native.a(rpl-dag.o)
 .debug_abbrev  0x00000000000034c8      0x1a6 contiki-native.a(queuebuf.o)
 .debug_abbrev  0x000000000000366e      0x1f8 contiki-native.a(nbr-table.o)
 .debug_abbrev  0x0000000000003866      0x1da contiki-native.a(packetbuf.o)
 .debug_abbrev  0x0000000000003a40      0x113 contiki-native.a(netstack.o)
 .debug_abbrev  0x0000000000003b53       0xf2 contiki-native.a(linkaddr.o)
 .debug_abbrev  0x0000000000003c45      0x1f9 contiki-native.a(link-stats.o)
 .debug_abbrev  0x0000000000003e3e      0x17d contiki-native.a(nullmac.o)
 .debug_abbrev  0x0000000000003fbb      0x12f contiki-native.a(framer-802154.o)
 .debug_abbrev  0x00000000000040ea      0x24c contiki-native.a(nullrdc.o)
 .debug_abbrev  0x0000000000004336      0x142 contiki-native.a(nullsec.o)
 .debug_abbrev  0x0000000000004478       0xb7 contiki-native.a(clock.o)
 .debug_abbrev  0x000000000000452f       0xe5 contiki-native.a(rtimer-arch.o)
 .debug_abbrev  0x0000000000004614       0x5a contiki-native.a(watchdog.o)
 .debug_abbrev  0x000000000000466e       0xd9 contiki-native.a(stimer.o)
 .debug_abbrev  0x0000000000004747      0x155 contiki-native.a(nullradio.o)
 .debug_abbrev  0x000000000000489c       0xe4 contiki-native.a(memb.o)
 .debug_abbrev  0x0000000000004980       0x6d contiki-native.a(random.o)
 .debug_abbrev  0x00000000000049ed      0x241 contiki-native.a(uip-icmp6.o)
 .debug_abbrev  0x0000000000004c2e      0x23e contiki-native.a(rpl-nbr-policy.)
 .debug_abbrev  0x0000000000004e6c      0x294 contiki-native.a(rpl-timers.o)
 .debug_abbrev  0x0000000000005100      0x1d3 contiki-native.a(rpl-mrhof.o)
 .debug_abbrev  0x00000000000052d3      0x215 contiki-native.a(frame802154.o)
 .debug_abbrev  0x00000000000054e8       0xa5 contiki-native.a(mac.o)

.debug_line     0x0000000000000000     0x6599
 *(.debug_line .debug_line.* .debug_line_end)
 .debug_line    0x0000000000000000       0x7d hello-world.co
 .debug_line    0x000000000000007d      0x3a9 contiki-native.a(contiki-main.o)
 .debug_line    0x0000000000000426       0x84 contiki-native.a(button-sensor.o)
 .debug_line    0x00000000000004aa       0x85 contiki-native.a(pir-sensor.o)
 .debug_line    0x000000000000052f       0x84 contiki-native.a(vib-sensor.o)
 .debug_line    0x00000000000005b3      0x139 contiki-native.a(sensors.o)
 .debug_line    0x00000000000006ec       0xaf contiki-native.a(autostart.o)
 .debug_line    0x000000000000079b      0x186 contiki-native.a(ctimer.o)
 .debug_line    0x0000000000000921      0x1b4 contiki-native.a(etimer.o)
 .debug_line    0x0000000000000ad5      0x1a1 contiki-native.a(process.o)
 .debug_line    0x0000000000000c76       0x86 contiki-native.a(rtimer.o)
 .debug_line    0x0000000000000cfc       0xad contiki-native.a(timer.o)
 .debug_line    0x0000000000000da9      0x11d contiki-native.a(serial-line.o)
 .debug_line    0x0000000000000ec6      0x115 contiki-native.a(list.o)
 .debug_line    0x0000000000000fdb       0xaf contiki-native.a(ringbuf.o)
 .debug_line    0x000000000000108a      0x32c contiki-native.a(uip-ds6.o)
 .debug_line    0x00000000000013b6      0x33d contiki-native.a(uip-ds6-route.o)
 .debug_line    0x00000000000016f3      0x882 contiki-native.a(uip6.o)
 .debug_line    0x0000000000001f75      0x21d contiki-native.a(uip-ds6-nbr.o)
 .debug_line    0x0000000000002192      0x2e5 contiki-native.a(uip-nd6.o)
 .debug_line    0x0000000000002477      0x801 contiki-native.a(sicslowpan.o)
 .debug_line    0x0000000000002c78      0x17c contiki-native.a(uip-packetqueue)
 .debug_line    0x0000000000002df4      0x3df contiki-native.a(tcpip.o)
 .debug_line    0x00000000000031d3       0xd2 contiki-native.a(uip-debug.o)
 .debug_line    0x00000000000032a5      0x2f2 contiki-native.a(rpl-ext-header.)
 .debug_line    0x0000000000003597      0x2c5 contiki-native.a(rpl.o)
 .debug_line    0x000000000000385c      0x61b contiki-native.a(rpl-icmp6.o)
 .debug_line    0x0000000000003e77      0x931 contiki-native.a(rpl-dag.o)
 .debug_line    0x00000000000047a8      0x109 contiki-native.a(queuebuf.o)
 .debug_line    0x00000000000048b1      0x256 contiki-native.a(nbr-table.o)
 .debug_line    0x0000000000004b07      0x140 contiki-native.a(packetbuf.o)
 .debug_line    0x0000000000004c47      0x10b contiki-native.a(netstack.o)
 .debug_line    0x0000000000004d52       0x76 contiki-native.a(linkaddr.o)
 .debug_line    0x0000000000004dc8      0x211 contiki-native.a(link-stats.o)
 .debug_line    0x0000000000004fd9       0xc9 contiki-native.a(nullmac.o)
 .debug_line    0x00000000000050a2      0x146 contiki-native.a(framer-802154.o)
 .debug_line    0x00000000000051e8      0x159 contiki-native.a(nullrdc.o)
 .debug_line    0x0000000000005341       0xc9 contiki-native.a(nullsec.o)
 .debug_line    0x000000000000540a       0xda contiki-native.a(clock.o)
 .debug_line    0x00000000000054e4       0xe8 contiki-native.a(rtimer-arch.o)
 .debug_line    0x00000000000055cc       0x5a contiki-native.a(watchdog.o)
 .debug_line    0x0000000000005626       0x8a contiki-native.a(stimer.o)
 .debug_line    0x00000000000056b0       0xc8 contiki-native.a(nullradio.o)
 .debug_line    0x0000000000005778       0xd8 contiki-native.a(memb.o)
 .debug_line    0x0000000000005850       0x50 contiki-native.a(random.o)
 .debug_line    0x00000000000058a0      0x21d contiki-native.a(uip-icmp6.o)
 .debug_line    0x0000000000005abd      0x243 contiki-native.a(rpl-nbr-policy.)
 .debug_line    0x0000000000005d00      0x2c6 contiki-native.a(rpl-timers.o)
 .debug_line    0x0000000000005fc6      0x28a contiki-native.a(rpl-mrhof.o)
 .debug_line    0x0000000000006250      0x2d2 contiki-native.a(frame802154.o)
 .debug_line    0x0000000000006522       0x77 contiki-native.a(mac.o)

.debug_frame
 *(.debug_frame)

.debug_str      0x0000000000000000     0x48be
 *(.debug_str)
 .debug_str     0x0000000000000000      0x145 hello-world.co
                                        0x1aa (size before relaxing)
 .debug_str     0x0000000000000145      0x423 contiki-native.a(contiki-main.o)
                                        0x62e (size before relaxing)
 .debug_str     0x0000000000000568       0x37 contiki-native.a(button-sensor.o)
                                        0x156 (size before relaxing)
 .debug_str     0x000000000000059f       0x4d contiki-native.a(pir-sensor.o)
                                        0x169 (size before relaxing)
 .debug_str     0x00000000000005ec       0x3a contiki-native.a(vib-sensor.o)
                                        0x156 (size before relaxing)
 .debug_str     0x0000000000000626       0x9b contiki-native.a(sensors.o)
                                        0x24b (size before relaxing)
 .debug_str     0x00000000000006c1       0x3a contiki-native.a(autostart.o)
                                        0x177 (size before relaxing)
 .debug_str     0x00000000000006fb       0xfc contiki-native.a(ctimer.o)
                                        0x278 (size before relaxing)
 .debug_str     0x00000000000007f7      0x152 contiki-native.a(etimer.o)
                                        0x2eb (size before relaxing)
 .debug_str     0x0000000000000949      0x156 contiki-native.a(process.o)
                                        0x2ad (size before relaxing)
 .debug_str     0x0000000000000a9f       0xbc contiki-native.a(rtimer.o)
                                        0x1b9 (size before relaxing)
 .debug_str     0x0000000000000b5b       0x17 contiki-native.a(timer.o)
                                        0x166 (size before relaxing)
 .debug_str     0x0000000000000b72       0xb4 contiki-native.a(serial-line.o)
                                        0x236 (size before relaxing)
 .debug_str     0x0000000000000c26       0xa8 contiki-native.a(list.o)
                                        0x13c (size before relaxing)
 .debug_str     0x0000000000000cce       0x5c contiki-native.a(ringbuf.o)
                                        0x179 (size before relaxing)
 .debug_str     0x0000000000000d2a      0x3e6 contiki-native.a(uip-ds6.o)
                                        0x65d (size before relaxing)
 .debug_str     0x0000000000001110      0x60c contiki-native.a(uip-ds6-route.o)
                                        0x902 (size before relaxing)
 .debug_str     0x000000000000171c      0x494 contiki-native.a(uip6.o)
                                        0x800 (size before relaxing)
 .debug_str     0x0000000000001bb0      0x34c contiki-native.a(uip-ds6-nbr.o)
                                        0x731 (size before relaxing)
 .debug_str     0x0000000000001efc      0x11f contiki-native.a(uip-nd6.o)
                                        0x580 (size before relaxing)
 .debug_str     0x000000000000201b      0x45e contiki-native.a(sicslowpan.o)
                                        0x9f9 (size before relaxing)
 .debug_str     0x0000000000002479       0xf4 contiki-native.a(uip-packetqueue)
                                        0x2f5 (size before relaxing)
 .debug_str     0x000000000000256d      0x426 contiki-native.a(tcpip.o)
                                        0xaa8 (size before relaxing)
 .debug_str     0x0000000000002993       0x35 contiki-native.a(uip-debug.o)
                                        0x14c (size before relaxing)
 .debug_str     0x00000000000029c8      0x103 contiki-native.a(rpl-ext-header.)
                                        0xb1e (size before relaxing)
 .debug_str     0x0000000000002acb      0x139 contiki-native.a(rpl.o)
                                        0x848 (size before relaxing)
 .debug_str     0x0000000000002c04      0x268 contiki-native.a(rpl-icmp6.o)
                                        0xe33 (size before relaxing)
 .debug_str     0x0000000000002e6c      0x503 contiki-native.a(rpl-dag.o)
                                        0xd82 (size before relaxing)
 .debug_str     0x000000000000336f      0x1ce contiki-native.a(queuebuf.o)
                                        0x4ee (size before relaxing)
 .debug_str     0x000000000000353d      0x29f contiki-native.a(nbr-table.o)
                                        0x55b (size before relaxing)
 .debug_str     0x00000000000037dc      0x1c8 contiki-native.a(packetbuf.o)
                                        0x53a (size before relaxing)
 .debug_str     0x00000000000039a4      0x126 contiki-native.a(netstack.o)
                                        0x310 (size before relaxing)
 .debug_str     0x0000000000003aca       0x6b contiki-native.a(linkaddr.o)
                                        0x16f (size before relaxing)
 .debug_str     0x0000000000003b35       0xed contiki-native.a(link-stats.o)
                                        0x652 (size before relaxing)
 .debug_str     0x0000000000003c22       0x2b contiki-native.a(nullmac.o)
                                        0x1f9 (size before relaxing)
 .debug_str     0x0000000000003c4d      0x219 contiki-native.a(framer-802154.o)
                                        0x559 (size before relaxing)
 .debug_str     0x0000000000003e66       0x75 contiki-native.a(nullrdc.o)
                                        0x5ca (size before relaxing)
 .debug_str     0x0000000000003edb       0x1f contiki-native.a(nullsec.o)
                                        0x386 (size before relaxing)
 .debug_str     0x0000000000003efa       0x68 contiki-native.a(clock.o)
                                        0x189 (size before relaxing)
 .debug_str     0x0000000000003f62       0xa6 contiki-native.a(rtimer-arch.o)
                                        0x21d (size before relaxing)
 .debug_str     0x0000000000004008       0x6b contiki-native.a(watchdog.o)
                                        0x176 (size before relaxing)
 .debug_str     0x0000000000004073       0x6e contiki-native.a(stimer.o)
                                        0x16a (size before relaxing)
 .debug_str     0x00000000000040e1       0x39 contiki-native.a(nullradio.o)
                                        0x28f (size before relaxing)
 .debug_str     0x000000000000411a       0x5c contiki-native.a(memb.o)
                                        0x152 (size before relaxing)
 .debug_str     0x0000000000004176       0x35 contiki-native.a(random.o)
                                        0x140 (size before relaxing)
 .debug_str     0x00000000000041ab      0x1e9 contiki-native.a(uip-icmp6.o)
                                        0x550 (size before relaxing)
 .debug_str     0x0000000000004394       0xe0 contiki-native.a(rpl-nbr-policy.)
                                        0x951 (size before relaxing)
 .debug_str     0x0000000000004474      0x1c0 contiki-native.a(rpl-timers.o)
                                        0x840 (size before relaxing)
 .debug_str     0x0000000000004634       0x66 contiki-native.a(rpl-mrhof.o)
                                        0x611 (size before relaxing)
 .debug_str     0x000000000000469a      0x1ed contiki-native.a(frame802154.o)
                                        0x529 (size before relaxing)
 .debug_str     0x0000000000004887       0x37 contiki-native.a(mac.o)
                                        0x1a6 (size before relaxing)

.debug_loc
 *(.debug_loc)

.debug_macinfo
 *(.debug_macinfo)

.debug_weaknames
 *(.debug_weaknames)

.debug_funcnames
 *(.debug_funcnames)

.debug_typenames
 *(.debug_typenames)

.debug_varnames
 *(.debug_varnames)

.debug_pubtypes
 *(.debug_pubtypes)

.debug_ranges   0x0000000000000000      0x1d0
 *(.debug_ranges)
 .debug_ranges  0x0000000000000000       0x30 contiki-native.a(etimer.o)
 .debug_ranges  0x0000000000000030       0x30 contiki-native.a(serial-line.o)
 .debug_ranges  0x0000000000000060       0x50 contiki-native.a(uip-nd6.o)
 .debug_ranges  0x00000000000000b0       0x90 contiki-native.a(sicslowpan.o)
 .debug_ranges  0x0000000000000140       0x60 contiki-native.a(nbr-table.o)
 .debug_ranges  0x00000000000001a0       0x30 contiki-native.a(nullrdc.o)

.debug_macro
 *(.debug_macro)

.gnu.attributes
 *(.gnu.attributes)

/DISCARD/
 *(.note.GNU-stack)
 *(.gnu_debuglink)
 *(.gnu.lto_*)